2025-04-16 11:38:42,046 - api_server - INFO - Æô¶¯API·şÎñÆ÷: host=0.0.0.0, port=8000, reload=False, workers=4
2025-04-16 11:39:28,760 - api_server - INFO - Æô¶¯API·şÎñÆ÷: host=0.0.0.0, port=8000, reload=False, workers=4
2025-04-16 11:40:39,916 - api_server - INFO - Æô¶¯API·şÎñÆ÷: host=0.0.0.0, port=8000, reload=False, workers=4
2025-04-16 11:40:52,610 - api_server - INFO - Æô¶¯API·şÎñÆ÷: host=0.0.0.0, port=8000, reload=False, workers=4
2025-04-16 11:51:37,024 - api_server - INFO - Æô¶¯API·şÎñÆ÷: host=0.0.0.0, port=8000, reload=False, workers=4
2025-04-16 11:52:10,470 - api_server - INFO - Æô¶¯API·şÎñÆ÷: host=0.0.0.0, port=8000, reload=False, workers=4
2025-04-16 11:52:54,013 - api_server - INFO - Æô¶¯API·şÎñÆ÷: host=0.0.0.0, port=8000, reload=False, workers=4
2025-04-16 11:58:12,978 - api_server - INFO - Æô¶¯API·şÎñÆ÷: host=0.0.0.0, port=8000, reload=False, workers=4
2025-04-16 11:58:15,393 - subtranslate.api - INFO - SubTranslate API·şÎñÆô¶¯
2025-04-16 11:58:15,394 - subtranslate.api - INFO - SubTranslate API·şÎñÆô¶¯
2025-04-16 11:58:15,420 - subtranslate.api - INFO - SubTranslate API·şÎñÆô¶¯
2025-04-16 11:58:15,422 - subtranslate.api - INFO - SubTranslate API·şÎñÆô¶¯
2025-04-16 11:58:27,538 - api_server - INFO - Æô¶¯API·şÎñÆ÷: host=0.0.0.0, port=8000, reload=False, workers=4
2025-04-16 11:58:29,658 - subtranslate.api - INFO - SubTranslate API·şÎñÆô¶¯
2025-04-16 11:58:29,684 - subtranslate.api - INFO - SubTranslate API·şÎñÆô¶¯
2025-04-16 11:58:29,719 - subtranslate.api - INFO - SubTranslate API·şÎñÆô¶¯
2025-04-16 11:58:29,722 - subtranslate.api - INFO - SubTranslate API·şÎñÆô¶¯
2025-04-16 12:03:37,166 - api_server - INFO - Æô¶¯API·şÎñÆ÷: host=0.0.0.0, port=8000, reload=False, workers=4
2025-04-16 12:03:39,269 - subtranslate.api - INFO - SubTranslate API·şÎñÆô¶¯
2025-04-16 12:03:39,278 - subtranslate.api - INFO - SubTranslate API·şÎñÆô¶¯
2025-04-16 12:03:39,340 - subtranslate.api - INFO - SubTranslate API·şÎñÆô¶¯
2025-04-16 12:03:39,345 - subtranslate.api - INFO - SubTranslate API·şÎñÆô¶¯
2025-04-16 12:04:19,208 - api_server - INFO - Æô¶¯API·şÎñÆ÷: host=0.0.0.0, port=8000, reload=False, workers=4
2025-04-16 12:04:21,410 - subtranslate.api - INFO - SubTranslate API·şÎñÆô¶¯
2025-04-16 12:04:21,412 - subtranslate.api - INFO - SubTranslate API·şÎñÆô¶¯
2025-04-16 12:04:21,442 - subtranslate.api - INFO - SubTranslate API·şÎñÆô¶¯
2025-04-16 12:04:21,443 - subtranslate.api - INFO - SubTranslate API·şÎñÆô¶¯
2025-04-16 12:05:06,066 - api_server - INFO - Æô¶¯API·şÎñÆ÷: host=0.0.0.0, port=8000, reload=False, workers=4
2025-04-16 12:05:08,223 - subtranslate.api - INFO - SubTranslate API·şÎñÆô¶¯
2025-04-16 12:05:08,275 - subtranslate.api - INFO - SubTranslate API·şÎñÆô¶¯
2025-04-16 12:05:08,296 - subtranslate.api - INFO - SubTranslate API·şÎñÆô¶¯
2025-04-16 12:05:08,313 - subtranslate.api - INFO - SubTranslate API·şÎñÆô¶¯
2025-04-16 12:07:46,213 - api_server - INFO - Æô¶¯API·şÎñÆ÷: host=0.0.0.0, port=8000, reload=False, workers=4
2025-04-16 12:07:48,458 - subtranslate.api - INFO - SubTranslate API·şÎñÆô¶¯
2025-04-16 12:07:48,470 - subtranslate.api - INFO - SubTranslate API·şÎñÆô¶¯
2025-04-16 12:07:48,498 - subtranslate.api - INFO - SubTranslate API·şÎñÆô¶¯
2025-04-16 12:07:48,501 - subtranslate.api - INFO - SubTranslate API·şÎñÆô¶¯
2025-04-16 12:08:49,451 - api_server - INFO - Æô¶¯API·şÎñÆ÷: host=0.0.0.0, port=8000, reload=False, workers=4
2025-04-16 12:08:51,737 - subtranslate.api - INFO - SubTranslate API·şÎñÆô¶¯
2025-04-16 12:08:51,738 - subtranslate.api - INFO - SubTranslate API·şÎñÆô¶¯
2025-04-16 12:08:51,776 - subtranslate.api - INFO - SubTranslate API·şÎñÆô¶¯
2025-04-16 12:08:51,778 - subtranslate.api - INFO - SubTranslate API·şÎñÆô¶¯
2025-04-16 12:09:59,927 - api_server - INFO - Æô¶¯API·şÎñÆ÷: host=0.0.0.0, port=8000, reload=False, workers=4
2025-04-16 12:10:02,050 - subtranslate.api - INFO - SubTranslate API·şÎñÆô¶¯
2025-04-16 12:10:02,138 - subtranslate.api - INFO - SubTranslate API·şÎñÆô¶¯
2025-04-16 12:10:02,148 - subtranslate.api - INFO - SubTranslate API·şÎñÆô¶¯
2025-04-16 12:10:02,150 - subtranslate.api - INFO - SubTranslate API·şÎñÆô¶¯
2025-04-16 12:11:56,011 - api_server - INFO - Æô¶¯API·şÎñÆ÷: host=0.0.0.0, port=8000, reload=False, workers=4
2025-04-16 12:11:58,137 - subtranslate.api - INFO - SubTranslate API·şÎñÆô¶¯
2025-04-16 12:11:58,198 - subtranslate.api - INFO - SubTranslate API·şÎñÆô¶¯
2025-04-16 12:11:58,222 - subtranslate.api - INFO - SubTranslate API·şÎñÆô¶¯
2025-04-16 12:11:58,227 - subtranslate.api - INFO - SubTranslate API·şÎñÆô¶¯
2025-04-16 12:12:34,118 - api_server - INFO - Æô¶¯API·şÎñÆ÷: host=0.0.0.0, port=8000, reload=False, workers=4
2025-04-16 12:12:36,237 - subtranslate.api - INFO - SubTranslate API·şÎñÆô¶¯
2025-04-16 12:12:36,305 - subtranslate.api - INFO - SubTranslate API·şÎñÆô¶¯
2025-04-16 12:12:36,309 - subtranslate.api - INFO - SubTranslate API·şÎñÆô¶¯
2025-04-16 12:12:36,310 - subtranslate.api - INFO - SubTranslate API·şÎñÆô¶¯
2025-04-16 12:12:48,346 - api_server - INFO - Æô¶¯API·şÎñÆ÷: host=0.0.0.0, port=8000, reload=False, workers=4
2025-04-16 12:12:50,476 - subtranslate.api - INFO - SubTranslate API·şÎñÆô¶¯
2025-04-16 12:12:50,500 - subtranslate.api - INFO - SubTranslate API·şÎñÆô¶¯
2025-04-16 12:12:50,524 - subtranslate.api - INFO - SubTranslate API·şÎñÆô¶¯
2025-04-16 12:12:50,530 - subtranslate.api - INFO - SubTranslate API·şÎñÆô¶¯
2025-04-16 15:11:04,921 - api_server - INFO - Æô¶¯API·şÎñÆ÷: host=0.0.0.0, port=8000, reload=False, workers=4
2025-04-16 15:11:07,593 - subtranslate.api - INFO - SubTranslate API·şÎñÆô¶¯
2025-04-16 15:11:07,595 - subtranslate.api - INFO - SubTranslate API·şÎñÆô¶¯
2025-04-16 15:11:07,603 - subtranslate.api - INFO - SubTranslate API·şÎñÆô¶¯
2025-04-16 15:11:07,609 - subtranslate.api - INFO - SubTranslate API·şÎñÆô¶¯
2025-04-16 15:12:07,906 - api_server - INFO - Æô¶¯API·şÎñÆ÷: host=0.0.0.0, port=8000, reload=False, workers=4
2025-04-16 15:12:10,155 - subtranslate.api - INFO - SubTranslate API·şÎñÆô¶¯
2025-04-16 15:12:10,168 - subtranslate.api - INFO - SubTranslate API·şÎñÆô¶¯
2025-04-16 15:12:10,184 - subtranslate.api - INFO - SubTranslate API·şÎñÆô¶¯
2025-04-16 15:12:10,200 - subtranslate.api - INFO - SubTranslate API·şÎñÆô¶¯
2025-04-16 15:15:51,228 - api_server - INFO - Æô¶¯API·şÎñÆ÷: host=0.0.0.0, port=8000, reload=False, workers=4
2025-04-16 15:15:53,449 - subtranslate.api - INFO - SubTranslate API·şÎñÆô¶¯
2025-04-16 15:15:53,501 - subtranslate.api - INFO - SubTranslate API·şÎñÆô¶¯
2025-04-16 15:15:53,503 - subtranslate.api - INFO - SubTranslate API·şÎñÆô¶¯
2025-04-16 15:15:53,510 - subtranslate.api - INFO - SubTranslate API·şÎñÆô¶¯
2025-04-16 15:16:05,352 - api_server - INFO - Æô¶¯API·şÎñÆ÷: host=0.0.0.0, port=8000, reload=False, workers=4
2025-04-16 15:16:07,507 - subtranslate.api - INFO - SubTranslate API·şÎñÆô¶¯
2025-04-16 15:16:07,552 - subtranslate.api - INFO - SubTranslate API·şÎñÆô¶¯
2025-04-16 15:16:07,576 - subtranslate.api - INFO - SubTranslate API·şÎñÆô¶¯
2025-04-16 15:16:07,579 - subtranslate.api - INFO - SubTranslate API·şÎñÆô¶¯
2025-04-16 15:16:57,354 - api_server - INFO - Æô¶¯API·şÎñÆ÷: host=0.0.0.0, port=8000, reload=False, workers=4
2025-04-16 15:16:59,578 - subtranslate.api - INFO - SubTranslate API·şÎñÆô¶¯
2025-04-16 15:16:59,591 - subtranslate.api - INFO - SubTranslate API·şÎñÆô¶¯
2025-04-16 15:16:59,603 - subtranslate.api - INFO - SubTranslate API·şÎñÆô¶¯
2025-04-16 15:16:59,608 - subtranslate.api - INFO - SubTranslate API·şÎñÆô¶¯
2025-04-16 15:17:58,140 - api_server - INFO - Æô¶¯API·şÎñÆ÷: host=0.0.0.0, port=8000, reload=False, workers=4
2025-04-16 15:18:00,272 - subtranslate.api - INFO - SubTranslate API·şÎñÆô¶¯
2025-04-16 15:18:00,338 - subtranslate.api - INFO - SubTranslate API·şÎñÆô¶¯
2025-04-16 15:18:00,370 - subtranslate.api - INFO - SubTranslate API·şÎñÆô¶¯
2025-04-16 15:18:00,370 - subtranslate.api - INFO - SubTranslate API·şÎñÆô¶¯
2025-04-16 15:20:50,006 - api_server - INFO - Æô¶¯API·şÎñÆ÷: host=0.0.0.0, port=8000, reload=False, workers=4
2025-04-16 15:20:52,314 - subtranslate.api - INFO - SubTranslate API·şÎñÆô¶¯
2025-04-16 15:20:52,371 - subtranslate.api - INFO - SubTranslate API·şÎñÆô¶¯
2025-04-16 15:20:52,400 - subtranslate.api - INFO - SubTranslate API·şÎñÆô¶¯
2025-04-16 15:20:52,402 - subtranslate.api - INFO - SubTranslate API·şÎñÆô¶¯
2025-04-16 15:27:38,821 - api_server - INFO - ç³»ç»Ÿé»˜è®¤ç¼–ç : utf-8
2025-04-16 15:27:38,821 - api_server - INFO - æ–‡ä»¶ç³»ç»Ÿç¼–ç : utf-8
2025-04-16 15:27:38,821 - api_server - INFO - åŒºåŸŸè®¾ç½®: cp936
2025-04-16 15:27:38,821 - api_server - INFO - å¯åŠ¨APIæœåŠ¡å™¨: host=0.0.0.0, port=8000, reload=False, workers=4
2025-04-16 15:32:14,954 - api_server - INFO - ç³»ç»Ÿé»˜è®¤ç¼–ç : utf-8
2025-04-16 15:32:14,954 - api_server - INFO - æ–‡ä»¶ç³»ç»Ÿç¼–ç : utf-8
2025-04-16 15:32:14,954 - api_server - INFO - åŒºåŸŸè®¾ç½®: cp936
2025-04-16 15:32:14,954 - api_server - INFO - å¯åŠ¨APIæœåŠ¡å™¨: host=0.0.0.0, port=8000, reload=False, workers=4
2025-04-16 15:35:09,815 - api_server - INFO - ç³»ç»Ÿé»˜è®¤ç¼–ç : utf-8
2025-04-16 15:35:09,815 - api_server - INFO - æ–‡ä»¶ç³»ç»Ÿç¼–ç : utf-8
2025-04-16 15:35:09,815 - api_server - INFO - åŒºåŸŸè®¾ç½®: cp936
2025-04-16 15:35:09,815 - api_server - INFO - å¯åŠ¨APIæœåŠ¡å™¨: host=0.0.0.0, port=8000, reload=False, workers=4
2025-04-16 15:35:32,780 - api_server - INFO - ç³»ç»Ÿé»˜è®¤ç¼–ç : utf-8
2025-04-16 15:35:32,780 - api_server - INFO - æ–‡ä»¶ç³»ç»Ÿç¼–ç : utf-8
2025-04-16 15:35:32,781 - api_server - INFO - åŒºåŸŸè®¾ç½®: cp936
2025-04-16 15:35:32,781 - api_server - INFO - å¯åŠ¨APIæœåŠ¡å™¨: host=0.0.0.0, port=8000, reload=False, workers=4
2025-04-16 15:35:48,901 - api_server - INFO - ç³»ç»Ÿé»˜è®¤ç¼–ç : utf-8
2025-04-16 15:35:48,901 - api_server - INFO - æ–‡ä»¶ç³»ç»Ÿç¼–ç : utf-8
2025-04-16 15:35:48,901 - api_server - INFO - åŒºåŸŸè®¾ç½®: cp936
2025-04-16 15:35:48,901 - api_server - INFO - å¯åŠ¨APIæœåŠ¡å™¨: host=0.0.0.0, port=8000, reload=False, workers=4
2025-04-16 15:41:33,534 - api_server - INFO - ç³»ç»Ÿé»˜è®¤ç¼–ç : utf-8
2025-04-16 15:41:33,534 - api_server - INFO - æ–‡ä»¶ç³»ç»Ÿç¼–ç : utf-8
2025-04-16 15:41:33,534 - api_server - INFO - åŒºåŸŸè®¾ç½®: cp936
2025-04-16 15:41:33,534 - api_server - INFO - å¯åŠ¨APIæœåŠ¡å™¨: host=0.0.0.0, port=8000, reload=False, workers=4
2025-04-16 15:41:35,940 - subtranslate.api - INFO - SubTranslate APIæœåŠ¡å¯åŠ¨
2025-04-16 15:41:35,941 - subtranslate.api - INFO - SubTranslate APIæœåŠ¡å¯åŠ¨
2025-04-16 15:41:35,962 - subtranslate.api - INFO - SubTranslate APIæœåŠ¡å¯åŠ¨
2025-04-16 15:41:35,963 - subtranslate.api - INFO - SubTranslate APIæœåŠ¡å¯åŠ¨
2025-04-16 15:44:22,489 - api_server - INFO - ç³»ç»Ÿé»˜è®¤ç¼–ç : utf-8
2025-04-16 15:44:22,489 - api_server - INFO - æ–‡ä»¶ç³»ç»Ÿç¼–ç : utf-8
2025-04-16 15:44:22,489 - api_server - INFO - åŒºåŸŸè®¾ç½®: cp936
2025-04-16 15:44:22,489 - api_server - INFO - å¯åŠ¨APIæœåŠ¡å™¨: host=0.0.0.0, port=8000, reload=False, workers=4
2025-04-16 15:44:24,638 - subtranslate.api - INFO - SubTranslate APIæœåŠ¡å¯åŠ¨
2025-04-16 15:44:24,642 - subtranslate.api - INFO - SubTranslate APIæœåŠ¡å¯åŠ¨
2025-04-16 15:44:24,675 - subtranslate.api - INFO - SubTranslate APIæœåŠ¡å¯åŠ¨
2025-04-16 15:44:24,678 - subtranslate.api - INFO - SubTranslate APIæœåŠ¡å¯åŠ¨
2025-04-16 15:57:26,533 - api_server - INFO - ç³»ç»Ÿé»˜è®¤ç¼–ç : utf-8
2025-04-16 15:57:26,534 - api_server - INFO - æ–‡ä»¶ç³»ç»Ÿç¼–ç : utf-8
2025-04-16 15:57:26,534 - api_server - INFO - åŒºåŸŸè®¾ç½®: cp936
2025-04-16 15:57:26,534 - api_server - INFO - å¯åŠ¨APIæœåŠ¡å™¨: host=0.0.0.0, port=8000, reload=False, workers=4
2025-04-16 15:57:41,765 - api_server - INFO - ç³»ç»Ÿé»˜è®¤ç¼–ç : utf-8
2025-04-16 15:57:41,765 - api_server - INFO - æ–‡ä»¶ç³»ç»Ÿç¼–ç : utf-8
2025-04-16 15:57:41,765 - api_server - INFO - åŒºåŸŸè®¾ç½®: cp936
2025-04-16 15:57:41,765 - api_server - INFO - å¯åŠ¨APIæœåŠ¡å™¨: host=0.0.0.0, port=8000, reload=False, workers=4
2025-04-17 10:20:01,902 - api_server - INFO - ç³»ç»Ÿé»˜è®¤ç¼–ç : utf-8
2025-04-17 10:20:01,902 - api_server - INFO - æ–‡ä»¶ç³»ç»Ÿç¼–ç : utf-8
2025-04-17 10:20:01,902 - api_server - INFO - åŒºåŸŸè®¾ç½®: cp936
2025-04-17 10:20:01,902 - api_server - INFO - å¯åŠ¨APIæœåŠ¡å™¨: host=0.0.0.0, port=8000, reload=False, workers=4
2025-04-17 10:20:07,320 - subtranslate.api - INFO - SubTranslate APIæœåŠ¡å¯åŠ¨
2025-04-17 10:20:07,326 - subtranslate.api - INFO - SubTranslate APIæœåŠ¡å¯åŠ¨
2025-04-17 10:20:07,329 - subtranslate.api - INFO - SubTranslate APIæœåŠ¡å¯åŠ¨
2025-04-17 10:20:07,332 - subtranslate.api - INFO - SubTranslate APIæœåŠ¡å¯åŠ¨
2025-04-17 10:30:19,109 - api_server - INFO - ç³»ç»Ÿé»˜è®¤ç¼–ç : utf-8
2025-04-17 10:30:19,109 - api_server - INFO - æ–‡ä»¶ç³»ç»Ÿç¼–ç : utf-8
2025-04-17 10:30:19,109 - api_server - INFO - åŒºåŸŸè®¾ç½®: cp936
2025-04-17 10:30:19,109 - api_server - INFO - å¯åŠ¨APIæœåŠ¡å™¨: host=0.0.0.0, port=8000, reload=False, workers=4
2025-04-17 10:30:21,512 - subtranslate.api - INFO - SubTranslate APIæœåŠ¡å¯åŠ¨
2025-04-17 10:30:21,526 - subtranslate.api - INFO - SubTranslate APIæœåŠ¡å¯åŠ¨
2025-04-17 10:30:21,532 - subtranslate.api - INFO - SubTranslate APIæœåŠ¡å¯åŠ¨
2025-04-17 10:30:21,539 - subtranslate.api - INFO - SubTranslate APIæœåŠ¡å¯åŠ¨
2025-04-17 10:43:35,707 - api_server - INFO - ç³»ç»Ÿé»˜è®¤ç¼–ç : utf-8
2025-04-17 10:43:35,708 - api_server - INFO - æ–‡ä»¶ç³»ç»Ÿç¼–ç : utf-8
2025-04-17 10:43:35,708 - api_server - INFO - åŒºåŸŸè®¾ç½®: cp936
2025-04-17 10:43:35,708 - api_server - INFO - å¯åŠ¨APIæœåŠ¡å™¨: host=0.0.0.0, port=8000, reload=False, workers=4
2025-04-17 10:43:38,033 - subtranslate.api - INFO - SubTranslate APIæœåŠ¡å¯åŠ¨
2025-04-17 10:43:38,104 - subtranslate.api - INFO - SubTranslate APIæœåŠ¡å¯åŠ¨
2025-04-17 10:43:38,127 - subtranslate.api - INFO - SubTranslate APIæœåŠ¡å¯åŠ¨
2025-04-17 10:43:38,137 - subtranslate.api - INFO - SubTranslate APIæœåŠ¡å¯åŠ¨
2025-04-17 10:56:19,343 - api_server - INFO - ç³»ç»Ÿé»˜è®¤ç¼–ç : utf-8
2025-04-17 10:56:19,343 - api_server - INFO - æ–‡ä»¶ç³»ç»Ÿç¼–ç : utf-8
2025-04-17 10:56:19,343 - api_server - INFO - åŒºåŸŸè®¾ç½®: cp936
2025-04-17 10:56:19,343 - api_server - INFO - å¯åŠ¨APIæœåŠ¡å™¨: host=0.0.0.0, port=8000, reload=False, workers=4
2025-04-17 10:56:21,614 - subtranslate.api - INFO - SubTranslate APIæœåŠ¡å¯åŠ¨
2025-04-17 10:56:21,664 - subtranslate.api - INFO - SubTranslate APIæœåŠ¡å¯åŠ¨
2025-04-17 10:56:21,724 - subtranslate.api - INFO - SubTranslate APIæœåŠ¡å¯åŠ¨
2025-04-17 10:56:21,729 - subtranslate.api - INFO - SubTranslate APIæœåŠ¡å¯åŠ¨
2025-04-17 11:15:32,802 - api_server - INFO - ç³»ç»Ÿé»˜è®¤ç¼–ç : utf-8
2025-04-17 11:15:32,802 - api_server - INFO - æ–‡ä»¶ç³»ç»Ÿç¼–ç : utf-8
2025-04-17 11:15:32,802 - api_server - INFO - åŒºåŸŸè®¾ç½®: cp936
2025-04-17 11:15:32,802 - api_server - INFO - å¯åŠ¨APIæœåŠ¡å™¨: host=0.0.0.0, port=8000, reload=False, workers=4
2025-04-17 11:15:35,480 - subtranslate.api - INFO - SubTranslate APIæœåŠ¡å¯åŠ¨
2025-04-17 11:15:35,534 - subtranslate.api - INFO - SubTranslate APIæœåŠ¡å¯åŠ¨
2025-04-17 11:15:35,553 - subtranslate.api - INFO - SubTranslate APIæœåŠ¡å¯åŠ¨
2025-04-17 11:15:35,555 - subtranslate.api - INFO - SubTranslate APIæœåŠ¡å¯åŠ¨
2025-04-17 11:16:49,587 - api_server - INFO - ç³»ç»Ÿé»˜è®¤ç¼–ç : utf-8
2025-04-17 11:16:49,587 - api_server - INFO - æ–‡ä»¶ç³»ç»Ÿç¼–ç : utf-8
2025-04-17 11:16:49,587 - api_server - INFO - åŒºåŸŸè®¾ç½®: cp936
2025-04-17 11:16:49,587 - api_server - INFO - å¯åŠ¨APIæœåŠ¡å™¨: host=0.0.0.0, port=8000, reload=False, workers=4
2025-04-17 11:16:51,844 - subtranslate.api - INFO - SubTranslate APIæœåŠ¡å¯åŠ¨
2025-04-17 11:16:51,846 - subtranslate.api - INFO - SubTranslate APIæœåŠ¡å¯åŠ¨
2025-04-17 11:16:51,879 - subtranslate.api - INFO - SubTranslate APIæœåŠ¡å¯åŠ¨
2025-04-17 11:16:51,884 - subtranslate.api - INFO - SubTranslate APIæœåŠ¡å¯åŠ¨
2025-04-17 11:44:42,219 - api_server - INFO - ç³»ç»Ÿé»˜è®¤ç¼–ç : utf-8
2025-04-17 11:44:42,219 - api_server - INFO - æ–‡ä»¶ç³»ç»Ÿç¼–ç : utf-8
2025-04-17 11:44:42,219 - api_server - INFO - åŒºåŸŸè®¾ç½®: cp936
2025-04-17 11:44:42,219 - api_server - INFO - å¯åŠ¨APIæœåŠ¡å™¨: host=0.0.0.0, port=8000, reload=False, workers=4
2025-04-17 11:44:44,726 - subtranslate.api - INFO - SubTranslate APIæœåŠ¡å¯åŠ¨
2025-04-17 11:44:44,757 - subtranslate.api - INFO - SubTranslate APIæœåŠ¡å¯åŠ¨
2025-04-17 11:44:44,783 - subtranslate.api - INFO - SubTranslate APIæœåŠ¡å¯åŠ¨
2025-04-17 11:44:44,787 - subtranslate.api - INFO - SubTranslate APIæœåŠ¡å¯åŠ¨
2025-04-17 11:44:55,315 - api_server - INFO - ç³»ç»Ÿé»˜è®¤ç¼–ç : utf-8
2025-04-17 11:44:55,315 - api_server - INFO - æ–‡ä»¶ç³»ç»Ÿç¼–ç : utf-8
2025-04-17 11:44:55,315 - api_server - INFO - åŒºåŸŸè®¾ç½®: cp936
2025-04-17 11:44:55,315 - api_server - INFO - å¯åŠ¨APIæœåŠ¡å™¨: host=0.0.0.0, port=8000, reload=False, workers=4
2025-04-17 11:44:57,624 - subtranslate.api - INFO - SubTranslate APIæœåŠ¡å¯åŠ¨
2025-04-17 11:44:57,627 - subtranslate.api - INFO - SubTranslate APIæœåŠ¡å¯åŠ¨
2025-04-17 11:44:57,708 - subtranslate.api - INFO - SubTranslate APIæœåŠ¡å¯åŠ¨
2025-04-17 11:44:57,712 - subtranslate.api - INFO - SubTranslate APIæœåŠ¡å¯åŠ¨
2025-04-17 11:47:05,184 - api_server - INFO - ç³»ç»Ÿé»˜è®¤ç¼–ç : utf-8
2025-04-17 11:47:05,185 - api_server - INFO - æ–‡ä»¶ç³»ç»Ÿç¼–ç : utf-8
2025-04-17 11:47:05,185 - api_server - INFO - åŒºåŸŸè®¾ç½®: cp936
2025-04-17 11:47:05,185 - api_server - INFO - å¯åŠ¨APIæœåŠ¡å™¨: host=0.0.0.0, port=8000, reload=False, workers=4
2025-04-17 11:47:07,606 - subtranslate.api - INFO - SubTranslate APIæœåŠ¡å¯åŠ¨
2025-04-17 11:47:07,635 - subtranslate.api - INFO - SubTranslate APIæœåŠ¡å¯åŠ¨
2025-04-17 11:47:07,708 - subtranslate.api - INFO - SubTranslate APIæœåŠ¡å¯åŠ¨
2025-04-17 11:47:07,710 - subtranslate.api - INFO - SubTranslate APIæœåŠ¡å¯åŠ¨
2025-04-17 11:48:22,338 - api_server - INFO - ç³»ç»Ÿé»˜è®¤ç¼–ç : utf-8
2025-04-17 11:48:22,338 - api_server - INFO - æ–‡ä»¶ç³»ç»Ÿç¼–ç : utf-8
2025-04-17 11:48:22,338 - api_server - INFO - åŒºåŸŸè®¾ç½®: cp936
2025-04-17 11:48:22,338 - api_server - INFO - å¯åŠ¨APIæœåŠ¡å™¨: host=0.0.0.0, port=8000, reload=False, workers=4
2025-04-17 11:48:24,958 - subtranslate.api - INFO - SubTranslate APIæœåŠ¡å¯åŠ¨
2025-04-17 11:48:24,995 - subtranslate.api - INFO - SubTranslate APIæœåŠ¡å¯åŠ¨
2025-04-17 11:48:24,996 - subtranslate.api - INFO - SubTranslate APIæœåŠ¡å¯åŠ¨
2025-04-17 11:48:55,788 - api_server - INFO - ç³»ç»Ÿé»˜è®¤ç¼–ç : utf-8
2025-04-17 11:48:55,788 - api_server - INFO - æ–‡ä»¶ç³»ç»Ÿç¼–ç : utf-8
2025-04-17 11:48:55,788 - api_server - INFO - åŒºåŸŸè®¾ç½®: cp936
2025-04-17 11:48:55,788 - api_server - INFO - å¯åŠ¨APIæœåŠ¡å™¨: host=0.0.0.0, port=8000, reload=False, workers=4
2025-04-17 11:48:58,125 - subtranslate.api - INFO - SubTranslate APIæœåŠ¡å¯åŠ¨
2025-04-17 11:48:58,162 - subtranslate.api - INFO - SubTranslate APIæœåŠ¡å¯åŠ¨
2025-04-17 11:48:58,248 - subtranslate.api - INFO - SubTranslate APIæœåŠ¡å¯åŠ¨
2025-04-17 11:48:58,249 - subtranslate.api - INFO - SubTranslate APIæœåŠ¡å¯åŠ¨
2025-04-17 11:56:17,177 - api_server - INFO - ç³»ç»Ÿé»˜è®¤ç¼–ç : utf-8
2025-04-17 11:56:17,177 - api_server - INFO - æ–‡ä»¶ç³»ç»Ÿç¼–ç : utf-8
2025-04-17 11:56:17,177 - api_server - INFO - åŒºåŸŸè®¾ç½®: cp936
2025-04-17 11:56:17,177 - api_server - INFO - å¯åŠ¨APIæœåŠ¡å™¨: host=0.0.0.0, port=8000, reload=False, workers=4
2025-04-17 11:56:19,623 - subtranslate.api - INFO - SubTranslate APIæœåŠ¡å¯åŠ¨
2025-04-17 11:56:19,645 - subtranslate.api - INFO - SubTranslate APIæœåŠ¡å¯åŠ¨
2025-04-17 11:56:19,735 - subtranslate.api - INFO - SubTranslate APIæœåŠ¡å¯åŠ¨
2025-04-17 11:56:19,736 - subtranslate.api - INFO - SubTranslate APIæœåŠ¡å¯åŠ¨
2025-04-17 11:56:35,470 - subtranslate.api.videos - ERROR - åŠ è½½è§†é¢‘å¤±è´¥: from_extension
Traceback (most recent call last):
  File "E:\ai_study\ai_project\src\subtranslate\api\routers\videos.py", line 133, in load_video
    file_extension = file_path.suffix.lower().lstrip(".")
  File "E:\ai_study\ai_project\src\subtranslate\services\video_storage.py", line 56, in save_video
    format=VideoFormat.from_extension(Path(filename).suffix),
  File "C:\Users\Harry\AppData\Local\Programs\Python\Python310\lib\enum.py", line 437, in __getattr__
    raise AttributeError(name) from None
AttributeError: from_extension
2025-04-17 11:56:50,038 - api_server - INFO - ç³»ç»Ÿé»˜è®¤ç¼–ç : utf-8
2025-04-17 11:56:50,039 - api_server - INFO - æ–‡ä»¶ç³»ç»Ÿç¼–ç : utf-8
2025-04-17 11:56:50,039 - api_server - INFO - åŒºåŸŸè®¾ç½®: cp936
2025-04-17 11:56:50,039 - api_server - INFO - å¯åŠ¨APIæœåŠ¡å™¨: host=0.0.0.0, port=8000, reload=False, workers=4
2025-04-17 11:56:52,496 - subtranslate.api.videos - ERROR - åŠ è½½è§†é¢‘å¤±è´¥: from_extension
Traceback (most recent call last):
  File "E:\ai_study\ai_project\src\subtranslate\api\routers\videos.py", line 133, in load_video
    file_extension = file_path.suffix.lower().lstrip(".")
  File "E:\ai_study\ai_project\src\subtranslate\services\video_storage.py", line 56, in save_video
    format=VideoFormat.from_extension(Path(filename).suffix),
  File "C:\Users\Harry\AppData\Local\Programs\Python\Python310\lib\enum.py", line 437, in __getattr__
    raise AttributeError(name) from None
AttributeError: from_extension
2025-04-17 11:56:52,639 - subtranslate.api - INFO - SubTranslate APIæœåŠ¡å¯åŠ¨
2025-04-17 11:56:52,654 - subtranslate.api - INFO - SubTranslate APIæœåŠ¡å¯åŠ¨
2025-04-17 11:56:52,656 - subtranslate.api - INFO - SubTranslate APIæœåŠ¡å¯åŠ¨
2025-04-17 11:56:52,658 - subtranslate.api - INFO - SubTranslate APIæœåŠ¡å¯åŠ¨
2025-04-17 11:57:22,257 - subtranslate.api.videos - ERROR - åŠ è½½è§†é¢‘å¤±è´¥: from_extension
Traceback (most recent call last):
  File "E:\ai_study\ai_project\src\subtranslate\api\routers\videos.py", line 133, in load_video
    file_extension = file_path.suffix.lower().lstrip(".")
  File "E:\ai_study\ai_project\src\subtranslate\services\video_storage.py", line 56, in save_video
    format=VideoFormat.from_extension(Path(filename).suffix),
  File "C:\Users\Harry\AppData\Local\Programs\Python\Python310\lib\enum.py", line 437, in __getattr__
    raise AttributeError(name) from None
AttributeError: from_extension
2025-04-17 11:59:59,051 - api_server - INFO - ç³»ç»Ÿé»˜è®¤ç¼–ç : utf-8
2025-04-17 11:59:59,051 - api_server - INFO - æ–‡ä»¶ç³»ç»Ÿç¼–ç : utf-8
2025-04-17 11:59:59,051 - api_server - INFO - åŒºåŸŸè®¾ç½®: cp936
2025-04-17 11:59:59,051 - api_server - INFO - å¯åŠ¨APIæœåŠ¡å™¨: host=0.0.0.0, port=8000, reload=False, workers=4
2025-04-17 12:00:01,705 - subtranslate.api - INFO - SubTranslate APIæœåŠ¡å¯åŠ¨
2025-04-17 12:00:01,714 - subtranslate.api - INFO - SubTranslate APIæœåŠ¡å¯åŠ¨
2025-04-17 12:00:01,742 - subtranslate.api - INFO - SubTranslate APIæœåŠ¡å¯åŠ¨
2025-04-17 12:00:01,742 - subtranslate.api - INFO - SubTranslate APIæœåŠ¡å¯åŠ¨
2025-04-17 12:00:04,890 - subtranslate.api.videos - ERROR - åŠ è½½è§†é¢‘å¤±è´¥: from_extension
Traceback (most recent call last):
  File "E:\ai_study\ai_project\src\subtranslate\api\routers\videos.py", line 133, in load_video
    file_extension = file_path.suffix.lower().lstrip(".")
  File "E:\ai_study\ai_project\src\subtranslate\services\video_storage.py", line 56, in save_video
    format=VideoFormat.from_extension(Path(filename).suffix),
  File "C:\Users\Harry\AppData\Local\Programs\Python\Python310\lib\enum.py", line 437, in __getattr__
    raise AttributeError(name) from None
AttributeError: from_extension
2025-04-17 12:02:48,275 - api_server - INFO - ç³»ç»Ÿé»˜è®¤ç¼–ç : utf-8
2025-04-17 12:02:48,275 - api_server - INFO - æ–‡ä»¶ç³»ç»Ÿç¼–ç : utf-8
2025-04-17 12:02:48,275 - api_server - INFO - åŒºåŸŸè®¾ç½®: cp936
2025-04-17 12:02:48,275 - api_server - INFO - å¯åŠ¨APIæœåŠ¡å™¨: host=0.0.0.0, port=8000, reload=False, workers=4
2025-04-17 12:02:50,839 - subtranslate.api - INFO - SubTranslate APIæœåŠ¡å¯åŠ¨
2025-04-17 12:02:50,849 - subtranslate.api - INFO - SubTranslate APIæœåŠ¡å¯åŠ¨
2025-04-17 12:02:50,863 - subtranslate.api - INFO - SubTranslate APIæœåŠ¡å¯åŠ¨
2025-04-17 12:02:50,865 - subtranslate.api - INFO - SubTranslate APIæœåŠ¡å¯åŠ¨
2025-04-17 12:02:54,540 - subtranslate.api.videos - INFO - æ¥æ”¶åˆ°æœ¬åœ°è§†é¢‘åŠ è½½è¯·æ±‚: file_path='E:\\ai_study\\ai_project\\video\\[Dynamis One] Zenshuu. - 11 (CR 1920x1080 AVC AAC MKV) [6ABB3C56].mkv' auto_extract_subtitles=True
2025-04-17 12:02:55,041 - subtranslate.api.videos - ERROR - åŠ è½½è§†é¢‘å¤±è´¥: 'SubtitleExtractor' object has no attribute 'analyze_video'
Traceback (most recent call last):
  File "E:\ai_study\ai_project\src\subtranslate\api\routers\videos.py", line 146, in load_video
    video_info = await extractor.analyze_video(video_info)
AttributeError: 'SubtitleExtractor' object has no attribute 'analyze_video'
2025-04-17 12:02:55,042 - subtranslate.api.videos - ERROR - æœ¬åœ°è§†é¢‘åŠ è½½å¤±è´¥: 500: åŠ è½½è§†é¢‘å¤±è´¥: 'SubtitleExtractor' object has no attribute 'analyze_video'
Traceback (most recent call last):
  File "E:\ai_study\ai_project\src\subtranslate\api\routers\videos.py", line 146, in load_video
    video_info = await extractor.analyze_video(video_info)
AttributeError: 'SubtitleExtractor' object has no attribute 'analyze_video'

During handling of the above exception, another exception occurred:

Traceback (most recent call last):
  File "E:\ai_study\ai_project\src\subtranslate\api\routers\videos.py", line 387, in upload_local_video
    return await load_video(request, config, extractor, video_storage)
  File "E:\ai_study\ai_project\src\subtranslate\api\routers\videos.py", line 171, in load_video
    raise HTTPException(status_code=500, detail=f"åŠ è½½è§†é¢‘å¤±è´¥: {str(e)}")
fastapi.exceptions.HTTPException: 500: åŠ è½½è§†é¢‘å¤±è´¥: 'SubtitleExtractor' object has no attribute 'analyze_video'
2025-04-17 12:07:13,495 - api_server - INFO - ç³»ç»Ÿé»˜è®¤ç¼–ç : utf-8
2025-04-17 12:07:13,496 - api_server - INFO - æ–‡ä»¶ç³»ç»Ÿç¼–ç : utf-8
2025-04-17 12:07:13,496 - api_server - INFO - åŒºåŸŸè®¾ç½®: cp936
2025-04-17 12:07:13,496 - api_server - INFO - å¯åŠ¨APIæœåŠ¡å™¨: host=0.0.0.0, port=8000, reload=False, workers=4
2025-04-17 12:07:16,048 - subtranslate.api - INFO - SubTranslate APIæœåŠ¡å¯åŠ¨
2025-04-17 12:07:16,069 - subtranslate.api - INFO - SubTranslate APIæœåŠ¡å¯åŠ¨
2025-04-17 12:07:16,073 - subtranslate.api - INFO - SubTranslate APIæœåŠ¡å¯åŠ¨
2025-04-17 12:07:19,187 - subtranslate.api.videos - INFO - æ¥æ”¶åˆ°æœ¬åœ°è§†é¢‘åŠ è½½è¯·æ±‚: file_path='E:\\ai_study\\ai_project\\video\\[Dynamis One] Zenshuu. - 11 (CR 1920x1080 AVC AAC MKV) [6ABB3C56].mkv' auto_extract_subtitles=True
2025-04-17 12:07:20,020 - subtranslate.core.subtitle_extractor - INFO - è§†é¢‘åˆ†æå®Œæˆ: [Dynamis One] Zenshuu. - 11 (CR 1920x1080 AVC AAC MKV) [6ABB3C56].mkv, æ ¼å¼: mkv, æ—¶é•¿: 1436.46, åŒ…å«å­—å¹•: True
2025-04-17 12:07:20,124 - subtranslate.core.subtitle_extractor - INFO - å‘ç°å­—å¹•è½¨é“: è½¨é“ #0: eng, æ ‡é¢˜: English, é»˜è®¤
2025-04-17 12:07:20,124 - subtranslate.core.subtitle_extractor - INFO - å‘ç°å­—å¹•è½¨é“: è½¨é“ #1: spa, æ ‡é¢˜: Latin American Spanish
2025-04-17 12:07:20,124 - subtranslate.core.subtitle_extractor - INFO - å‘ç°å­—å¹•è½¨é“: è½¨é“ #2: spa, æ ‡é¢˜: European Spanish
2025-04-17 12:07:20,124 - subtranslate.core.subtitle_extractor - INFO - å‘ç°å­—å¹•è½¨é“: è½¨é“ #3: por, æ ‡é¢˜: Brazilian Portuguese
2025-04-17 12:07:20,124 - subtranslate.core.subtitle_extractor - INFO - å‘ç°å­—å¹•è½¨é“: è½¨é“ #4: fre, æ ‡é¢˜: French
2025-04-17 12:07:20,124 - subtranslate.core.subtitle_extractor - INFO - å‘ç°å­—å¹•è½¨é“: è½¨é“ #5: ger, æ ‡é¢˜: German
2025-04-17 12:07:20,125 - subtranslate.core.subtitle_extractor - INFO - å‘ç°å­—å¹•è½¨é“: è½¨é“ #6: ara, æ ‡é¢˜: Arabic (Saudi Arabia)
2025-04-17 12:07:20,125 - subtranslate.core.subtitle_extractor - INFO - å‘ç°å­—å¹•è½¨é“: è½¨é“ #7: ita, æ ‡é¢˜: Italian
2025-04-17 12:07:20,125 - subtranslate.core.subtitle_extractor - INFO - å‘ç°å­—å¹•è½¨é“: è½¨é“ #8: rus, æ ‡é¢˜: Russian
2025-04-17 12:07:20,125 - subtranslate.api.videos - ERROR - åŠ è½½è§†é¢‘å¤±è´¥: "VideoInfo" object has no field "subtitle_tracks"
Traceback (most recent call last):
  File "E:\ai_study\ai_project\src\subtranslate\api\routers\videos.py", line 152, in load_video
    video_info.subtitle_tracks = subtitle_tracks
  File "E:\ai_study\ai_project\.venv\lib\site-packages\pydantic\main.py", line 1000, in __setattr__
    elif (setattr_handler := self._setattr_handler(name, value)) is not None:
  File "E:\ai_study\ai_project\.venv\lib\site-packages\pydantic\main.py", line 1047, in _setattr_handler
    raise ValueError(f'"{cls.__name__}" object has no field "{name}"')
ValueError: "VideoInfo" object has no field "subtitle_tracks"
2025-04-17 12:07:20,126 - subtranslate.api.videos - ERROR - æœ¬åœ°è§†é¢‘åŠ è½½å¤±è´¥: 500: åŠ è½½è§†é¢‘å¤±è´¥: "VideoInfo" object has no field "subtitle_tracks"
Traceback (most recent call last):
  File "E:\ai_study\ai_project\src\subtranslate\api\routers\videos.py", line 152, in load_video
    video_info.subtitle_tracks = subtitle_tracks
  File "E:\ai_study\ai_project\.venv\lib\site-packages\pydantic\main.py", line 1000, in __setattr__
    elif (setattr_handler := self._setattr_handler(name, value)) is not None:
  File "E:\ai_study\ai_project\.venv\lib\site-packages\pydantic\main.py", line 1047, in _setattr_handler
    raise ValueError(f'"{cls.__name__}" object has no field "{name}"')
ValueError: "VideoInfo" object has no field "subtitle_tracks"

During handling of the above exception, another exception occurred:

Traceback (most recent call last):
  File "E:\ai_study\ai_project\src\subtranslate\api\routers\videos.py", line 387, in upload_local_video
    return await load_video(request, config, extractor, video_storage)
  File "E:\ai_study\ai_project\src\subtranslate\api\routers\videos.py", line 171, in load_video
    raise HTTPException(status_code=500, detail=f"åŠ è½½è§†é¢‘å¤±è´¥: {str(e)}")
fastapi.exceptions.HTTPException: 500: åŠ è½½è§†é¢‘å¤±è´¥: "VideoInfo" object has no field "subtitle_tracks"
2025-04-17 12:07:51,527 - api_server - INFO - ç³»ç»Ÿé»˜è®¤ç¼–ç : utf-8
2025-04-17 12:07:51,527 - api_server - INFO - æ–‡ä»¶ç³»ç»Ÿç¼–ç : utf-8
2025-04-17 12:07:51,527 - api_server - INFO - åŒºåŸŸè®¾ç½®: cp936
2025-04-17 12:07:51,527 - api_server - INFO - å¯åŠ¨APIæœåŠ¡å™¨: host=0.0.0.0, port=8000, reload=False, workers=4
2025-04-17 12:07:53,897 - subtranslate.api - INFO - SubTranslate APIæœåŠ¡å¯åŠ¨
2025-04-17 12:07:53,903 - subtranslate.api - INFO - SubTranslate APIæœåŠ¡å¯åŠ¨
2025-04-17 12:07:53,935 - subtranslate.api - INFO - SubTranslate APIæœåŠ¡å¯åŠ¨
2025-04-17 12:07:53,938 - subtranslate.api - INFO - SubTranslate APIæœåŠ¡å¯åŠ¨
2025-04-17 12:07:54,909 - subtranslate.api.videos - INFO - æ¥æ”¶åˆ°æœ¬åœ°è§†é¢‘åŠ è½½è¯·æ±‚: file_path='E:\\ai_study\\ai_project\\video\\[Dynamis One] Zenshuu. - 11 (CR 1920x1080 AVC AAC MKV) [6ABB3C56].mkv' auto_extract_subtitles=True
2025-04-17 12:07:55,734 - subtranslate.core.subtitle_extractor - INFO - è§†é¢‘åˆ†æå®Œæˆ: [Dynamis One] Zenshuu. - 11 (CR 1920x1080 AVC AAC MKV) [6ABB3C56].mkv, æ ¼å¼: mkv, æ—¶é•¿: 1436.46, åŒ…å«å­—å¹•: True
2025-04-17 12:07:55,846 - subtranslate.core.subtitle_extractor - INFO - å‘ç°å­—å¹•è½¨é“: è½¨é“ #0: eng, æ ‡é¢˜: English, é»˜è®¤
2025-04-17 12:07:55,847 - subtranslate.core.subtitle_extractor - INFO - å‘ç°å­—å¹•è½¨é“: è½¨é“ #1: spa, æ ‡é¢˜: Latin American Spanish
2025-04-17 12:07:55,847 - subtranslate.core.subtitle_extractor - INFO - å‘ç°å­—å¹•è½¨é“: è½¨é“ #2: spa, æ ‡é¢˜: European Spanish
2025-04-17 12:07:55,847 - subtranslate.core.subtitle_extractor - INFO - å‘ç°å­—å¹•è½¨é“: è½¨é“ #3: por, æ ‡é¢˜: Brazilian Portuguese
2025-04-17 12:07:55,847 - subtranslate.core.subtitle_extractor - INFO - å‘ç°å­—å¹•è½¨é“: è½¨é“ #4: fre, æ ‡é¢˜: French
2025-04-17 12:07:55,847 - subtranslate.core.subtitle_extractor - INFO - å‘ç°å­—å¹•è½¨é“: è½¨é“ #5: ger, æ ‡é¢˜: German
2025-04-17 12:07:55,847 - subtranslate.core.subtitle_extractor - INFO - å‘ç°å­—å¹•è½¨é“: è½¨é“ #6: ara, æ ‡é¢˜: Arabic (Saudi Arabia)
2025-04-17 12:07:55,847 - subtranslate.core.subtitle_extractor - INFO - å‘ç°å­—å¹•è½¨é“: è½¨é“ #7: ita, æ ‡é¢˜: Italian
2025-04-17 12:07:55,847 - subtranslate.core.subtitle_extractor - INFO - å‘ç°å­—å¹•è½¨é“: è½¨é“ #8: rus, æ ‡é¢˜: Russian
2025-04-17 12:07:55,847 - subtranslate.api.videos - ERROR - åŠ è½½è§†é¢‘å¤±è´¥: "VideoInfo" object has no field "subtitle_tracks"
Traceback (most recent call last):
  File "E:\ai_study\ai_project\src\subtranslate\api\routers\videos.py", line 152, in load_video
    video_info.subtitle_tracks = subtitle_tracks
  File "E:\ai_study\ai_project\.venv\lib\site-packages\pydantic\main.py", line 1000, in __setattr__
    elif (setattr_handler := self._setattr_handler(name, value)) is not None:
  File "E:\ai_study\ai_project\.venv\lib\site-packages\pydantic\main.py", line 1047, in _setattr_handler
    raise ValueError(f'"{cls.__name__}" object has no field "{name}"')
ValueError: "VideoInfo" object has no field "subtitle_tracks"
2025-04-17 12:07:55,848 - subtranslate.api.videos - ERROR - æœ¬åœ°è§†é¢‘åŠ è½½å¤±è´¥: 500: åŠ è½½è§†é¢‘å¤±è´¥: "VideoInfo" object has no field "subtitle_tracks"
Traceback (most recent call last):
  File "E:\ai_study\ai_project\src\subtranslate\api\routers\videos.py", line 152, in load_video
    video_info.subtitle_tracks = subtitle_tracks
  File "E:\ai_study\ai_project\.venv\lib\site-packages\pydantic\main.py", line 1000, in __setattr__
    elif (setattr_handler := self._setattr_handler(name, value)) is not None:
  File "E:\ai_study\ai_project\.venv\lib\site-packages\pydantic\main.py", line 1047, in _setattr_handler
    raise ValueError(f'"{cls.__name__}" object has no field "{name}"')
ValueError: "VideoInfo" object has no field "subtitle_tracks"

During handling of the above exception, another exception occurred:

Traceback (most recent call last):
  File "E:\ai_study\ai_project\src\subtranslate\api\routers\videos.py", line 387, in upload_local_video
    return await load_video(request, config, extractor, video_storage)
  File "E:\ai_study\ai_project\src\subtranslate\api\routers\videos.py", line 171, in load_video
    raise HTTPException(status_code=500, detail=f"åŠ è½½è§†é¢‘å¤±è´¥: {str(e)}")
fastapi.exceptions.HTTPException: 500: åŠ è½½è§†é¢‘å¤±è´¥: "VideoInfo" object has no field "subtitle_tracks"
2025-04-17 15:32:30,808 - api_server - INFO - ç³»ç»Ÿé»˜è®¤ç¼–ç : utf-8
2025-04-17 15:32:30,808 - api_server - INFO - æ–‡ä»¶ç³»ç»Ÿç¼–ç : utf-8
2025-04-17 15:32:30,809 - api_server - INFO - åŒºåŸŸè®¾ç½®: cp936
2025-04-17 15:32:30,809 - api_server - INFO - å¯åŠ¨APIæœåŠ¡å™¨: host=0.0.0.0, port=8000, reload=False, workers=4
2025-04-17 15:32:33,955 - subtranslate.api - INFO - SubTranslate APIæœåŠ¡å¯åŠ¨
2025-04-17 15:32:33,956 - subtranslate.api - INFO - SubTranslate APIæœåŠ¡å¯åŠ¨
2025-04-17 15:32:33,957 - subtranslate.api - INFO - SubTranslate APIæœåŠ¡å¯åŠ¨
2025-04-17 15:32:33,959 - subtranslate.api - INFO - SubTranslate APIæœåŠ¡å¯åŠ¨
2025-04-17 15:32:42,775 - subtranslate.api.videos - INFO - æ¥æ”¶åˆ°æœ¬åœ°è§†é¢‘åŠ è½½è¯·æ±‚: file_path='E:\\ai_study\\ai_project\\video\\[Dynamis One] Zenshuu. - 11 (CR 1920x1080 AVC AAC MKV) [6ABB3C56].mkv' auto_extract_subtitles=True
2025-04-17 15:32:43,523 - subtranslate.core.subtitle_extractor - INFO - è§†é¢‘åˆ†æå®Œæˆ: [Dynamis One] Zenshuu. - 11 (CR 1920x1080 AVC AAC MKV) [6ABB3C56].mkv, æ ¼å¼: mkv, æ—¶é•¿: 1436.46, åŒ…å«å­—å¹•: True
2025-04-17 15:32:43,627 - subtranslate.core.subtitle_extractor - INFO - å‘ç°å­—å¹•è½¨é“: è½¨é“ #0: eng, æ ‡é¢˜: English, é»˜è®¤
2025-04-17 15:32:43,627 - subtranslate.core.subtitle_extractor - INFO - å‘ç°å­—å¹•è½¨é“: è½¨é“ #1: spa, æ ‡é¢˜: Latin American Spanish
2025-04-17 15:32:43,627 - subtranslate.core.subtitle_extractor - INFO - å‘ç°å­—å¹•è½¨é“: è½¨é“ #2: spa, æ ‡é¢˜: European Spanish
2025-04-17 15:32:43,627 - subtranslate.core.subtitle_extractor - INFO - å‘ç°å­—å¹•è½¨é“: è½¨é“ #3: por, æ ‡é¢˜: Brazilian Portuguese
2025-04-17 15:32:43,627 - subtranslate.core.subtitle_extractor - INFO - å‘ç°å­—å¹•è½¨é“: è½¨é“ #4: fre, æ ‡é¢˜: French
2025-04-17 15:32:43,627 - subtranslate.core.subtitle_extractor - INFO - å‘ç°å­—å¹•è½¨é“: è½¨é“ #5: ger, æ ‡é¢˜: German
2025-04-17 15:32:43,627 - subtranslate.core.subtitle_extractor - INFO - å‘ç°å­—å¹•è½¨é“: è½¨é“ #6: ara, æ ‡é¢˜: Arabic (Saudi Arabia)
2025-04-17 15:32:43,627 - subtranslate.core.subtitle_extractor - INFO - å‘ç°å­—å¹•è½¨é“: è½¨é“ #7: ita, æ ‡é¢˜: Italian
2025-04-17 15:32:43,627 - subtranslate.core.subtitle_extractor - INFO - å‘ç°å­—å¹•è½¨é“: è½¨é“ #8: rus, æ ‡é¢˜: Russian
2025-04-17 15:32:43,627 - subtranslate.api.videos - ERROR - åŠ è½½è§†é¢‘å¤±è´¥: "VideoInfo" object has no field "subtitle_tracks"
Traceback (most recent call last):
  File "E:\ai_study\ai_project\src\subtranslate\api\routers\videos.py", line 152, in load_video
    video_info.subtitle_tracks = subtitle_tracks
  File "E:\ai_study\ai_project\.venv\lib\site-packages\pydantic\main.py", line 1000, in __setattr__
    elif (setattr_handler := self._setattr_handler(name, value)) is not None:
  File "E:\ai_study\ai_project\.venv\lib\site-packages\pydantic\main.py", line 1047, in _setattr_handler
    raise ValueError(f'"{cls.__name__}" object has no field "{name}"')
ValueError: "VideoInfo" object has no field "subtitle_tracks"
2025-04-17 15:32:43,628 - subtranslate.api.videos - ERROR - æœ¬åœ°è§†é¢‘åŠ è½½å¤±è´¥: 500: åŠ è½½è§†é¢‘å¤±è´¥: "VideoInfo" object has no field "subtitle_tracks"
Traceback (most recent call last):
  File "E:\ai_study\ai_project\src\subtranslate\api\routers\videos.py", line 152, in load_video
    video_info.subtitle_tracks = subtitle_tracks
  File "E:\ai_study\ai_project\.venv\lib\site-packages\pydantic\main.py", line 1000, in __setattr__
    elif (setattr_handler := self._setattr_handler(name, value)) is not None:
  File "E:\ai_study\ai_project\.venv\lib\site-packages\pydantic\main.py", line 1047, in _setattr_handler
    raise ValueError(f'"{cls.__name__}" object has no field "{name}"')
ValueError: "VideoInfo" object has no field "subtitle_tracks"

During handling of the above exception, another exception occurred:

Traceback (most recent call last):
  File "E:\ai_study\ai_project\src\subtranslate\api\routers\videos.py", line 387, in upload_local_video
    return await load_video(request, config, extractor, video_storage)
  File "E:\ai_study\ai_project\src\subtranslate\api\routers\videos.py", line 171, in load_video
    raise HTTPException(status_code=500, detail=f"åŠ è½½è§†é¢‘å¤±è´¥: {str(e)}")
fastapi.exceptions.HTTPException: 500: åŠ è½½è§†é¢‘å¤±è´¥: "VideoInfo" object has no field "subtitle_tracks"
2025-04-17 15:33:03,753 - api_server - INFO - ç³»ç»Ÿé»˜è®¤ç¼–ç : utf-8
2025-04-17 15:33:03,754 - api_server - INFO - æ–‡ä»¶ç³»ç»Ÿç¼–ç : utf-8
2025-04-17 15:33:03,754 - api_server - INFO - åŒºåŸŸè®¾ç½®: cp936
2025-04-17 15:33:03,754 - api_server - INFO - å¯åŠ¨APIæœåŠ¡å™¨: host=0.0.0.0, port=8000, reload=False, workers=4
2025-04-17 15:33:05,933 - subtranslate.api - INFO - SubTranslate APIæœåŠ¡å¯åŠ¨
2025-04-17 15:33:05,949 - subtranslate.api - INFO - SubTranslate APIæœåŠ¡å¯åŠ¨
2025-04-17 15:33:05,965 - subtranslate.api - INFO - SubTranslate APIæœåŠ¡å¯åŠ¨
2025-04-17 15:33:05,969 - subtranslate.api - INFO - SubTranslate APIæœåŠ¡å¯åŠ¨
2025-04-17 15:38:39,662 - api_server - INFO - ç³»ç»Ÿé»˜è®¤ç¼–ç : utf-8
2025-04-17 15:38:39,662 - api_server - INFO - æ–‡ä»¶ç³»ç»Ÿç¼–ç : utf-8
2025-04-17 15:38:39,663 - api_server - INFO - åŒºåŸŸè®¾ç½®: cp936
2025-04-17 15:38:39,663 - api_server - INFO - å¯åŠ¨APIæœåŠ¡å™¨: host=0.0.0.0, port=8000, reload=False, workers=4
2025-04-17 15:38:41,967 - subtranslate.api - INFO - SubTranslate APIæœåŠ¡å¯åŠ¨
2025-04-17 15:38:41,983 - subtranslate.api - INFO - SubTranslate APIæœåŠ¡å¯åŠ¨
2025-04-17 15:38:41,997 - subtranslate.api - INFO - SubTranslate APIæœåŠ¡å¯åŠ¨
2025-04-17 15:38:42,004 - subtranslate.api - INFO - SubTranslate APIæœåŠ¡å¯åŠ¨
2025-04-17 15:38:47,917 - api_server - INFO - ç³»ç»Ÿé»˜è®¤ç¼–ç : utf-8
2025-04-17 15:38:47,918 - api_server - INFO - æ–‡ä»¶ç³»ç»Ÿç¼–ç : utf-8
2025-04-17 15:38:47,918 - api_server - INFO - åŒºåŸŸè®¾ç½®: cp936
2025-04-17 15:38:47,918 - api_server - INFO - å¯åŠ¨APIæœåŠ¡å™¨: host=0.0.0.0, port=8000, reload=False, workers=4
2025-04-17 15:38:50,179 - subtranslate.api - INFO - SubTranslate APIæœåŠ¡å¯åŠ¨
2025-04-17 15:38:50,279 - subtranslate.api - INFO - SubTranslate APIæœåŠ¡å¯åŠ¨
2025-04-17 15:38:50,302 - subtranslate.api - INFO - SubTranslate APIæœåŠ¡å¯åŠ¨
2025-04-17 15:38:50,315 - subtranslate.api - INFO - SubTranslate APIæœåŠ¡å¯åŠ¨
2025-04-17 15:39:26,212 - api_server - INFO - ç³»ç»Ÿé»˜è®¤ç¼–ç : utf-8
2025-04-17 15:39:26,212 - api_server - INFO - æ–‡ä»¶ç³»ç»Ÿç¼–ç : utf-8
2025-04-17 15:39:26,212 - api_server - INFO - åŒºåŸŸè®¾ç½®: cp936
2025-04-17 15:39:26,212 - api_server - INFO - å¯åŠ¨APIæœåŠ¡å™¨: host=0.0.0.0, port=8000, reload=False, workers=4
2025-04-17 15:39:28,466 - subtranslate.api - INFO - SubTranslate APIæœåŠ¡å¯åŠ¨
2025-04-17 15:39:28,525 - subtranslate.api - INFO - SubTranslate APIæœåŠ¡å¯åŠ¨
2025-04-17 15:39:28,570 - subtranslate.api - INFO - SubTranslate APIæœåŠ¡å¯åŠ¨
2025-04-17 15:39:28,572 - subtranslate.api - INFO - SubTranslate APIæœåŠ¡å¯åŠ¨
2025-04-17 15:39:56,141 - api_server - INFO - ç³»ç»Ÿé»˜è®¤ç¼–ç : utf-8
2025-04-17 15:39:56,141 - api_server - INFO - æ–‡ä»¶ç³»ç»Ÿç¼–ç : utf-8
2025-04-17 15:39:56,141 - api_server - INFO - åŒºåŸŸè®¾ç½®: cp936
2025-04-17 15:39:56,141 - api_server - INFO - å¯åŠ¨APIæœåŠ¡å™¨: host=0.0.0.0, port=8000, reload=False, workers=4
2025-04-17 15:39:58,410 - subtranslate.api - INFO - SubTranslate APIæœåŠ¡å¯åŠ¨
2025-04-17 15:39:58,511 - subtranslate.api - INFO - SubTranslate APIæœåŠ¡å¯åŠ¨
2025-04-17 15:39:58,537 - subtranslate.api - INFO - SubTranslate APIæœåŠ¡å¯åŠ¨
2025-04-17 15:39:58,541 - subtranslate.api - INFO - SubTranslate APIæœåŠ¡å¯åŠ¨
2025-04-17 15:40:17,046 - api_server - INFO - ç³»ç»Ÿé»˜è®¤ç¼–ç : utf-8
2025-04-17 15:40:17,047 - api_server - INFO - æ–‡ä»¶ç³»ç»Ÿç¼–ç : utf-8
2025-04-17 15:40:17,047 - api_server - INFO - åŒºåŸŸè®¾ç½®: cp936
2025-04-17 15:40:17,047 - api_server - INFO - å¯åŠ¨APIæœåŠ¡å™¨: host=0.0.0.0, port=8000, reload=False, workers=4
2025-04-17 15:40:19,389 - subtranslate.api - INFO - SubTranslate APIæœåŠ¡å¯åŠ¨
2025-04-17 15:40:19,405 - subtranslate.api - INFO - SubTranslate APIæœåŠ¡å¯åŠ¨
2025-04-17 15:40:19,432 - subtranslate.api - INFO - SubTranslate APIæœåŠ¡å¯åŠ¨
2025-04-17 15:40:19,433 - subtranslate.api - INFO - SubTranslate APIæœåŠ¡å¯åŠ¨
2025-04-17 15:40:29,765 - subtranslate.api.videos - INFO - æ¥æ”¶åˆ°æœ¬åœ°è§†é¢‘åŠ è½½è¯·æ±‚: file_path='E:\\ai_study\\ai_project\\video\\[Dynamis One] Zenshuu. - 11 (CR 1920x1080 AVC AAC MKV) [6ABB3C56].mkv' auto_extract_subtitles=True
2025-04-17 15:40:30,541 - subtranslate.core.subtitle_extractor - INFO - è§†é¢‘åˆ†æå®Œæˆ: [Dynamis One] Zenshuu. - 11 (CR 1920x1080 AVC AAC MKV) [6ABB3C56].mkv, æ ¼å¼: mkv, æ—¶é•¿: 1436.46, åŒ…å«å­—å¹•: True
2025-04-17 15:40:30,644 - subtranslate.core.subtitle_extractor - INFO - å‘ç°å­—å¹•è½¨é“: è½¨é“ #0: eng, æ ‡é¢˜: English, é»˜è®¤
2025-04-17 15:40:30,644 - subtranslate.core.subtitle_extractor - INFO - å‘ç°å­—å¹•è½¨é“: è½¨é“ #1: spa, æ ‡é¢˜: Latin American Spanish
2025-04-17 15:40:30,644 - subtranslate.core.subtitle_extractor - INFO - å‘ç°å­—å¹•è½¨é“: è½¨é“ #2: spa, æ ‡é¢˜: European Spanish
2025-04-17 15:40:30,644 - subtranslate.core.subtitle_extractor - INFO - å‘ç°å­—å¹•è½¨é“: è½¨é“ #3: por, æ ‡é¢˜: Brazilian Portuguese
2025-04-17 15:40:30,644 - subtranslate.core.subtitle_extractor - INFO - å‘ç°å­—å¹•è½¨é“: è½¨é“ #4: fre, æ ‡é¢˜: French
2025-04-17 15:40:30,644 - subtranslate.core.subtitle_extractor - INFO - å‘ç°å­—å¹•è½¨é“: è½¨é“ #5: ger, æ ‡é¢˜: German
2025-04-17 15:40:30,644 - subtranslate.core.subtitle_extractor - INFO - å‘ç°å­—å¹•è½¨é“: è½¨é“ #6: ara, æ ‡é¢˜: Arabic (Saudi Arabia)
2025-04-17 15:40:30,644 - subtranslate.core.subtitle_extractor - INFO - å‘ç°å­—å¹•è½¨é“: è½¨é“ #7: ita, æ ‡é¢˜: Italian
2025-04-17 15:40:30,644 - subtranslate.core.subtitle_extractor - INFO - å‘ç°å­—å¹•è½¨é“: è½¨é“ #8: rus, æ ‡é¢˜: Russian
2025-04-17 15:40:30,644 - subtranslate.api.videos - ERROR - åŠ è½½è§†é¢‘å¤±è´¥: "VideoInfo" object has no field "subtitle_tracks"
Traceback (most recent call last):
  File "E:\ai_study\ai_project\src\subtranslate\api\routers\videos.py", line 152, in load_video
    video_info.subtitle_tracks = subtitle_tracks
  File "E:\ai_study\ai_project\.venv\lib\site-packages\pydantic\main.py", line 1000, in __setattr__
    elif (setattr_handler := self._setattr_handler(name, value)) is not None:
  File "E:\ai_study\ai_project\.venv\lib\site-packages\pydantic\main.py", line 1047, in _setattr_handler
    raise ValueError(f'"{cls.__name__}" object has no field "{name}"')
ValueError: "VideoInfo" object has no field "subtitle_tracks"
2025-04-17 15:40:30,645 - subtranslate.api.videos - ERROR - æœ¬åœ°è§†é¢‘åŠ è½½å¤±è´¥: 500: åŠ è½½è§†é¢‘å¤±è´¥: "VideoInfo" object has no field "subtitle_tracks"
Traceback (most recent call last):
  File "E:\ai_study\ai_project\src\subtranslate\api\routers\videos.py", line 152, in load_video
    video_info.subtitle_tracks = subtitle_tracks
  File "E:\ai_study\ai_project\.venv\lib\site-packages\pydantic\main.py", line 1000, in __setattr__
    elif (setattr_handler := self._setattr_handler(name, value)) is not None:
  File "E:\ai_study\ai_project\.venv\lib\site-packages\pydantic\main.py", line 1047, in _setattr_handler
    raise ValueError(f'"{cls.__name__}" object has no field "{name}"')
ValueError: "VideoInfo" object has no field "subtitle_tracks"

During handling of the above exception, another exception occurred:

Traceback (most recent call last):
  File "E:\ai_study\ai_project\src\subtranslate\api\routers\videos.py", line 387, in upload_local_video
    return await load_video(request, config, extractor, video_storage)
  File "E:\ai_study\ai_project\src\subtranslate\api\routers\videos.py", line 171, in load_video
    raise HTTPException(status_code=500, detail=f"åŠ è½½è§†é¢‘å¤±è´¥: {str(e)}")
fastapi.exceptions.HTTPException: 500: åŠ è½½è§†é¢‘å¤±è´¥: "VideoInfo" object has no field "subtitle_tracks"
2025-04-17 15:46:32,244 - api_server - INFO - ç³»ç»Ÿé»˜è®¤ç¼–ç : utf-8
2025-04-17 15:46:32,244 - api_server - INFO - æ–‡ä»¶ç³»ç»Ÿç¼–ç : utf-8
2025-04-17 15:46:32,245 - api_server - INFO - åŒºåŸŸè®¾ç½®: cp936
2025-04-17 15:46:32,245 - api_server - INFO - å¯åŠ¨APIæœåŠ¡å™¨: host=0.0.0.0, port=8000, reload=False, workers=4
2025-04-17 15:46:34,461 - subtranslate.api - INFO - SubTranslate APIæœåŠ¡å¯åŠ¨
2025-04-17 15:46:34,489 - subtranslate.api - INFO - SubTranslate APIæœåŠ¡å¯åŠ¨
2025-04-17 15:46:34,505 - subtranslate.api - INFO - SubTranslate APIæœåŠ¡å¯åŠ¨
2025-04-17 15:46:34,515 - subtranslate.api - INFO - SubTranslate APIæœåŠ¡å¯åŠ¨
2025-04-17 15:46:36,523 - subtranslate.api.videos - INFO - æ¥æ”¶åˆ°æœ¬åœ°è§†é¢‘åŠ è½½è¯·æ±‚: file_path='E:\\ai_study\\ai_project\\video\\[Dynamis One] Zenshuu. - 11 (CR 1920x1080 AVC AAC MKV) [6ABB3C56].mkv' auto_extract_subtitles=True
2025-04-17 15:46:37,286 - subtranslate.core.subtitle_extractor - INFO - è§†é¢‘åˆ†æå®Œæˆ: [Dynamis One] Zenshuu. - 11 (CR 1920x1080 AVC AAC MKV) [6ABB3C56].mkv, æ ¼å¼: mkv, æ—¶é•¿: 1436.46, åŒ…å«å­—å¹•: True
2025-04-17 15:46:37,391 - subtranslate.core.subtitle_extractor - INFO - å‘ç°å­—å¹•è½¨é“: è½¨é“ #0: eng, æ ‡é¢˜: English, é»˜è®¤
2025-04-17 15:46:37,391 - subtranslate.core.subtitle_extractor - INFO - å‘ç°å­—å¹•è½¨é“: è½¨é“ #1: spa, æ ‡é¢˜: Latin American Spanish
2025-04-17 15:46:37,391 - subtranslate.core.subtitle_extractor - INFO - å‘ç°å­—å¹•è½¨é“: è½¨é“ #2: spa, æ ‡é¢˜: European Spanish
2025-04-17 15:46:37,391 - subtranslate.core.subtitle_extractor - INFO - å‘ç°å­—å¹•è½¨é“: è½¨é“ #3: por, æ ‡é¢˜: Brazilian Portuguese
2025-04-17 15:46:37,391 - subtranslate.core.subtitle_extractor - INFO - å‘ç°å­—å¹•è½¨é“: è½¨é“ #4: fre, æ ‡é¢˜: French
2025-04-17 15:46:37,391 - subtranslate.core.subtitle_extractor - INFO - å‘ç°å­—å¹•è½¨é“: è½¨é“ #5: ger, æ ‡é¢˜: German
2025-04-17 15:46:37,391 - subtranslate.core.subtitle_extractor - INFO - å‘ç°å­—å¹•è½¨é“: è½¨é“ #6: ara, æ ‡é¢˜: Arabic (Saudi Arabia)
2025-04-17 15:46:37,391 - subtranslate.core.subtitle_extractor - INFO - å‘ç°å­—å¹•è½¨é“: è½¨é“ #7: ita, æ ‡é¢˜: Italian
2025-04-17 15:46:37,391 - subtranslate.core.subtitle_extractor - INFO - å‘ç°å­—å¹•è½¨é“: è½¨é“ #8: rus, æ ‡é¢˜: Russian
2025-04-17 15:46:37,391 - subtranslate.api.videos - ERROR - åŠ è½½è§†é¢‘å¤±è´¥: "VideoInfo" object has no field "subtitle_tracks"
Traceback (most recent call last):
  File "E:\ai_study\ai_project\src\subtranslate\api\routers\videos.py", line 152, in load_video
    video_info.subtitle_tracks = subtitle_tracks
  File "E:\ai_study\ai_project\.venv\lib\site-packages\pydantic\main.py", line 1000, in __setattr__
    elif (setattr_handler := self._setattr_handler(name, value)) is not None:
  File "E:\ai_study\ai_project\.venv\lib\site-packages\pydantic\main.py", line 1047, in _setattr_handler
    raise ValueError(f'"{cls.__name__}" object has no field "{name}"')
ValueError: "VideoInfo" object has no field "subtitle_tracks"
2025-04-17 15:46:37,392 - subtranslate.api.videos - ERROR - æœ¬åœ°è§†é¢‘åŠ è½½å¤±è´¥: 500: åŠ è½½è§†é¢‘å¤±è´¥: "VideoInfo" object has no field "subtitle_tracks"
Traceback (most recent call last):
  File "E:\ai_study\ai_project\src\subtranslate\api\routers\videos.py", line 152, in load_video
    video_info.subtitle_tracks = subtitle_tracks
  File "E:\ai_study\ai_project\.venv\lib\site-packages\pydantic\main.py", line 1000, in __setattr__
    elif (setattr_handler := self._setattr_handler(name, value)) is not None:
  File "E:\ai_study\ai_project\.venv\lib\site-packages\pydantic\main.py", line 1047, in _setattr_handler
    raise ValueError(f'"{cls.__name__}" object has no field "{name}"')
ValueError: "VideoInfo" object has no field "subtitle_tracks"

During handling of the above exception, another exception occurred:

Traceback (most recent call last):
  File "E:\ai_study\ai_project\src\subtranslate\api\routers\videos.py", line 387, in upload_local_video
    return await load_video(request, config, extractor, video_storage)
  File "E:\ai_study\ai_project\src\subtranslate\api\routers\videos.py", line 171, in load_video
    raise HTTPException(status_code=500, detail=f"åŠ è½½è§†é¢‘å¤±è´¥: {str(e)}")
fastapi.exceptions.HTTPException: 500: åŠ è½½è§†é¢‘å¤±è´¥: "VideoInfo" object has no field "subtitle_tracks"
2025-04-17 15:46:39,481 - subtranslate.api.videos - INFO - æ¥æ”¶åˆ°æœ¬åœ°è§†é¢‘åŠ è½½è¯·æ±‚: file_path='E:\\ai_study\\ai_project\\video\\[Dynamis One] Zenshuu. - 11 (CR 1920x1080 AVC AAC MKV) [6ABB3C56].mkv' auto_extract_subtitles=True
2025-04-17 15:46:40,237 - subtranslate.core.subtitle_extractor - INFO - è§†é¢‘åˆ†æå®Œæˆ: [Dynamis One] Zenshuu. - 11 (CR 1920x1080 AVC AAC MKV) [6ABB3C56].mkv, æ ¼å¼: mkv, æ—¶é•¿: 1436.46, åŒ…å«å­—å¹•: True
2025-04-17 15:46:40,339 - subtranslate.core.subtitle_extractor - INFO - å‘ç°å­—å¹•è½¨é“: è½¨é“ #0: eng, æ ‡é¢˜: English, é»˜è®¤
2025-04-17 15:46:40,339 - subtranslate.core.subtitle_extractor - INFO - å‘ç°å­—å¹•è½¨é“: è½¨é“ #1: spa, æ ‡é¢˜: Latin American Spanish
2025-04-17 15:46:40,340 - subtranslate.core.subtitle_extractor - INFO - å‘ç°å­—å¹•è½¨é“: è½¨é“ #2: spa, æ ‡é¢˜: European Spanish
2025-04-17 15:46:40,340 - subtranslate.core.subtitle_extractor - INFO - å‘ç°å­—å¹•è½¨é“: è½¨é“ #3: por, æ ‡é¢˜: Brazilian Portuguese
2025-04-17 15:46:40,340 - subtranslate.core.subtitle_extractor - INFO - å‘ç°å­—å¹•è½¨é“: è½¨é“ #4: fre, æ ‡é¢˜: French
2025-04-17 15:46:40,340 - subtranslate.core.subtitle_extractor - INFO - å‘ç°å­—å¹•è½¨é“: è½¨é“ #5: ger, æ ‡é¢˜: German
2025-04-17 15:46:40,340 - subtranslate.core.subtitle_extractor - INFO - å‘ç°å­—å¹•è½¨é“: è½¨é“ #6: ara, æ ‡é¢˜: Arabic (Saudi Arabia)
2025-04-17 15:46:40,340 - subtranslate.core.subtitle_extractor - INFO - å‘ç°å­—å¹•è½¨é“: è½¨é“ #7: ita, æ ‡é¢˜: Italian
2025-04-17 15:46:40,340 - subtranslate.core.subtitle_extractor - INFO - å‘ç°å­—å¹•è½¨é“: è½¨é“ #8: rus, æ ‡é¢˜: Russian
2025-04-17 15:46:40,340 - subtranslate.api.videos - ERROR - åŠ è½½è§†é¢‘å¤±è´¥: "VideoInfo" object has no field "subtitle_tracks"
Traceback (most recent call last):
  File "E:\ai_study\ai_project\src\subtranslate\api\routers\videos.py", line 152, in load_video
    video_info.subtitle_tracks = subtitle_tracks
  File "E:\ai_study\ai_project\.venv\lib\site-packages\pydantic\main.py", line 1000, in __setattr__
    elif (setattr_handler := self._setattr_handler(name, value)) is not None:
  File "E:\ai_study\ai_project\.venv\lib\site-packages\pydantic\main.py", line 1047, in _setattr_handler
    raise ValueError(f'"{cls.__name__}" object has no field "{name}"')
ValueError: "VideoInfo" object has no field "subtitle_tracks"
2025-04-17 15:46:40,341 - subtranslate.api.videos - ERROR - æœ¬åœ°è§†é¢‘åŠ è½½å¤±è´¥: 500: åŠ è½½è§†é¢‘å¤±è´¥: "VideoInfo" object has no field "subtitle_tracks"
Traceback (most recent call last):
  File "E:\ai_study\ai_project\src\subtranslate\api\routers\videos.py", line 152, in load_video
    video_info.subtitle_tracks = subtitle_tracks
  File "E:\ai_study\ai_project\.venv\lib\site-packages\pydantic\main.py", line 1000, in __setattr__
    elif (setattr_handler := self._setattr_handler(name, value)) is not None:
  File "E:\ai_study\ai_project\.venv\lib\site-packages\pydantic\main.py", line 1047, in _setattr_handler
    raise ValueError(f'"{cls.__name__}" object has no field "{name}"')
ValueError: "VideoInfo" object has no field "subtitle_tracks"

During handling of the above exception, another exception occurred:

Traceback (most recent call last):
  File "E:\ai_study\ai_project\src\subtranslate\api\routers\videos.py", line 387, in upload_local_video
    return await load_video(request, config, extractor, video_storage)
  File "E:\ai_study\ai_project\src\subtranslate\api\routers\videos.py", line 171, in load_video
    raise HTTPException(status_code=500, detail=f"åŠ è½½è§†é¢‘å¤±è´¥: {str(e)}")
fastapi.exceptions.HTTPException: 500: åŠ è½½è§†é¢‘å¤±è´¥: "VideoInfo" object has no field "subtitle_tracks"
2025-04-17 15:53:03,938 - api_server - INFO - ç³»ç»Ÿé»˜è®¤ç¼–ç : utf-8
2025-04-17 15:53:03,938 - api_server - INFO - æ–‡ä»¶ç³»ç»Ÿç¼–ç : utf-8
2025-04-17 15:53:03,938 - api_server - INFO - åŒºåŸŸè®¾ç½®: cp936
2025-04-17 15:53:03,938 - api_server - INFO - å¯åŠ¨APIæœåŠ¡å™¨: host=0.0.0.0, port=8000, reload=False, workers=4
2025-04-17 15:53:06,204 - subtranslate.api - INFO - SubTranslate APIæœåŠ¡å¯åŠ¨
2025-04-17 15:53:06,253 - subtranslate.api - INFO - SubTranslate APIæœåŠ¡å¯åŠ¨
2025-04-17 15:53:06,283 - subtranslate.api - INFO - SubTranslate APIæœåŠ¡å¯åŠ¨
2025-04-17 15:53:06,288 - subtranslate.api - INFO - SubTranslate APIæœåŠ¡å¯åŠ¨
2025-04-17 15:54:30,040 - api_server - INFO - ç³»ç»Ÿé»˜è®¤ç¼–ç : utf-8
2025-04-17 15:54:30,040 - api_server - INFO - æ–‡ä»¶ç³»ç»Ÿç¼–ç : utf-8
2025-04-17 15:54:30,040 - api_server - INFO - åŒºåŸŸè®¾ç½®: cp936
2025-04-17 15:54:30,040 - api_server - INFO - å¯åŠ¨APIæœåŠ¡å™¨: host=0.0.0.0, port=8000, reload=False, workers=4
2025-04-17 15:54:32,371 - subtranslate.api - INFO - SubTranslate APIæœåŠ¡å¯åŠ¨
2025-04-17 15:54:32,403 - subtranslate.api - INFO - SubTranslate APIæœåŠ¡å¯åŠ¨
2025-04-17 15:54:32,459 - subtranslate.api - INFO - SubTranslate APIæœåŠ¡å¯åŠ¨
2025-04-17 15:54:32,461 - subtranslate.api - INFO - SubTranslate APIæœåŠ¡å¯åŠ¨
2025-04-17 15:54:37,737 - subtranslate.api.videos - INFO - æ¥æ”¶åˆ°æœ¬åœ°è§†é¢‘åŠ è½½è¯·æ±‚åŸå§‹æ•°æ®: {'file_path': 'E:\\ai_study\\ai_project\\video\\[Dynamis One] Zenshuu. - 11 (CR 1920x1080 AVC AAC MKV) [6ABB3C56].mkv', 'auto_extract_subtitles': True}
2025-04-17 15:54:37,737 - subtranslate.api.videos - INFO - å¤„ç†åçš„è§†é¢‘åŠ è½½è¯·æ±‚: file_path='E:\\ai_study\\ai_project\\video\\[Dynamis One] Zenshuu. - 11 (CR 1920x1080 AVC AAC MKV) [6ABB3C56].mkv' auto_extract_subtitles=True
2025-04-17 15:54:38,591 - subtranslate.core.subtitle_extractor - INFO - è§†é¢‘åˆ†æå®Œæˆ: [Dynamis One] Zenshuu. - 11 (CR 1920x1080 AVC AAC MKV) [6ABB3C56].mkv, æ ¼å¼: mkv, æ—¶é•¿: 1436.46, åŒ…å«å­—å¹•: True
2025-04-17 15:54:38,701 - subtranslate.core.subtitle_extractor - INFO - å‘ç°å­—å¹•è½¨é“: è½¨é“ #0: eng, æ ‡é¢˜: English, é»˜è®¤
2025-04-17 15:54:38,701 - subtranslate.core.subtitle_extractor - INFO - å‘ç°å­—å¹•è½¨é“: è½¨é“ #1: spa, æ ‡é¢˜: Latin American Spanish
2025-04-17 15:54:38,701 - subtranslate.core.subtitle_extractor - INFO - å‘ç°å­—å¹•è½¨é“: è½¨é“ #2: spa, æ ‡é¢˜: European Spanish
2025-04-17 15:54:38,701 - subtranslate.core.subtitle_extractor - INFO - å‘ç°å­—å¹•è½¨é“: è½¨é“ #3: por, æ ‡é¢˜: Brazilian Portuguese
2025-04-17 15:54:38,701 - subtranslate.core.subtitle_extractor - INFO - å‘ç°å­—å¹•è½¨é“: è½¨é“ #4: fre, æ ‡é¢˜: French
2025-04-17 15:54:38,701 - subtranslate.core.subtitle_extractor - INFO - å‘ç°å­—å¹•è½¨é“: è½¨é“ #5: ger, æ ‡é¢˜: German
2025-04-17 15:54:38,701 - subtranslate.core.subtitle_extractor - INFO - å‘ç°å­—å¹•è½¨é“: è½¨é“ #6: ara, æ ‡é¢˜: Arabic (Saudi Arabia)
2025-04-17 15:54:38,701 - subtranslate.core.subtitle_extractor - INFO - å‘ç°å­—å¹•è½¨é“: è½¨é“ #7: ita, æ ‡é¢˜: Italian
2025-04-17 15:54:38,701 - subtranslate.core.subtitle_extractor - INFO - å‘ç°å­—å¹•è½¨é“: è½¨é“ #8: rus, æ ‡é¢˜: Russian
2025-04-17 15:54:38,705 - subtranslate.api - ERROR - æœªå¤„ç†çš„å¼‚å¸¸: Unable to serialize unknown type: <class 'subtranslate.core.subtitle_extractor.SubtitleTrack'>
Traceback (most recent call last):
  File "E:\ai_study\ai_project\.venv\lib\site-packages\starlette\middleware\errors.py", line 165, in __call__
    await self.app(scope, receive, _send)
  File "E:\ai_study\ai_project\.venv\lib\site-packages\starlette\middleware\cors.py", line 85, in __call__
    await self.app(scope, receive, send)
  File "E:\ai_study\ai_project\.venv\lib\site-packages\starlette\middleware\exceptions.py", line 62, in __call__
    await wrap_app_handling_exceptions(self.app, conn)(scope, receive, send)
  File "E:\ai_study\ai_project\.venv\lib\site-packages\starlette\_exception_handler.py", line 53, in wrapped_app
    raise exc
  File "E:\ai_study\ai_project\.venv\lib\site-packages\starlette\_exception_handler.py", line 42, in wrapped_app
    await app(scope, receive, sender)
  File "E:\ai_study\ai_project\.venv\lib\site-packages\starlette\routing.py", line 714, in __call__
    await self.middleware_stack(scope, receive, send)
  File "E:\ai_study\ai_project\.venv\lib\site-packages\starlette\routing.py", line 734, in app
    await route.handle(scope, receive, send)
  File "E:\ai_study\ai_project\.venv\lib\site-packages\starlette\routing.py", line 288, in handle
    await self.app(scope, receive, send)
  File "E:\ai_study\ai_project\.venv\lib\site-packages\starlette\routing.py", line 76, in app
    await wrap_app_handling_exceptions(app, request)(scope, receive, send)
  File "E:\ai_study\ai_project\.venv\lib\site-packages\starlette\_exception_handler.py", line 53, in wrapped_app
    raise exc
  File "E:\ai_study\ai_project\.venv\lib\site-packages\starlette\_exception_handler.py", line 42, in wrapped_app
    await app(scope, receive, sender)
  File "E:\ai_study\ai_project\.venv\lib\site-packages\starlette\routing.py", line 73, in app
    response = await f(request)
  File "E:\ai_study\ai_project\.venv\lib\site-packages\fastapi\routing.py", line 327, in app
    content = await serialize_response(
  File "E:\ai_study\ai_project\.venv\lib\site-packages\fastapi\routing.py", line 181, in serialize_response
    return field.serialize(
  File "E:\ai_study\ai_project\.venv\lib\site-packages\fastapi\_compat.py", line 151, in serialize
    return self._type_adapter.dump_python(
  File "E:\ai_study\ai_project\.venv\lib\site-packages\pydantic\type_adapter.py", line 572, in dump_python
    return self.serializer.to_python(
pydantic_core._pydantic_core.PydanticSerializationError: Unable to serialize unknown type: <class 'subtranslate.core.subtitle_extractor.SubtitleTrack'>
2025-04-17 15:58:46,016 - api_server - INFO - ç³»ç»Ÿé»˜è®¤ç¼–ç : utf-8
2025-04-17 15:58:46,017 - api_server - INFO - æ–‡ä»¶ç³»ç»Ÿç¼–ç : utf-8
2025-04-17 15:58:46,017 - api_server - INFO - åŒºåŸŸè®¾ç½®: cp936
2025-04-17 15:58:46,017 - api_server - INFO - å¯åŠ¨APIæœåŠ¡å™¨: host=0.0.0.0, port=8000, reload=False, workers=4
2025-04-17 15:58:48,343 - subtranslate.api - INFO - SubTranslate APIæœåŠ¡å¯åŠ¨
2025-04-17 15:58:48,349 - subtranslate.api - INFO - SubTranslate APIæœåŠ¡å¯åŠ¨
2025-04-17 15:58:48,385 - subtranslate.api - INFO - SubTranslate APIæœåŠ¡å¯åŠ¨
2025-04-17 15:58:48,392 - subtranslate.api - INFO - SubTranslate APIæœåŠ¡å¯åŠ¨
2025-04-17 15:58:51,677 - subtranslate.api.videos - INFO - æ¥æ”¶åˆ°æœ¬åœ°è§†é¢‘åŠ è½½è¯·æ±‚åŸå§‹æ•°æ®: {'file_path': 'E:\\ai_study\\ai_project\\video\\[Dynamis One] Zenshuu. - 11 (CR 1920x1080 AVC AAC MKV) [6ABB3C56].mkv', 'auto_extract_subtitles': True}
2025-04-17 15:58:51,677 - subtranslate.api.videos - INFO - å¤„ç†åçš„è§†é¢‘åŠ è½½è¯·æ±‚: file_path='E:\\ai_study\\ai_project\\video\\[Dynamis One] Zenshuu. - 11 (CR 1920x1080 AVC AAC MKV) [6ABB3C56].mkv' auto_extract_subtitles=True
2025-04-17 15:58:52,468 - subtranslate.core.subtitle_extractor - INFO - è§†é¢‘åˆ†æå®Œæˆ: [Dynamis One] Zenshuu. - 11 (CR 1920x1080 AVC AAC MKV) [6ABB3C56].mkv, æ ¼å¼: mkv, æ—¶é•¿: 1436.46, åŒ…å«å­—å¹•: True
2025-04-17 15:58:52,577 - subtranslate.core.subtitle_extractor - INFO - å‘ç°å­—å¹•è½¨é“: è½¨é“ #0: eng, æ ‡é¢˜: English, é»˜è®¤
2025-04-17 15:58:52,577 - subtranslate.core.subtitle_extractor - INFO - å‘ç°å­—å¹•è½¨é“: è½¨é“ #1: spa, æ ‡é¢˜: Latin American Spanish
2025-04-17 15:58:52,577 - subtranslate.core.subtitle_extractor - INFO - å‘ç°å­—å¹•è½¨é“: è½¨é“ #2: spa, æ ‡é¢˜: European Spanish
2025-04-17 15:58:52,577 - subtranslate.core.subtitle_extractor - INFO - å‘ç°å­—å¹•è½¨é“: è½¨é“ #3: por, æ ‡é¢˜: Brazilian Portuguese
2025-04-17 15:58:52,577 - subtranslate.core.subtitle_extractor - INFO - å‘ç°å­—å¹•è½¨é“: è½¨é“ #4: fre, æ ‡é¢˜: French
2025-04-17 15:58:52,577 - subtranslate.core.subtitle_extractor - INFO - å‘ç°å­—å¹•è½¨é“: è½¨é“ #5: ger, æ ‡é¢˜: German
2025-04-17 15:58:52,577 - subtranslate.core.subtitle_extractor - INFO - å‘ç°å­—å¹•è½¨é“: è½¨é“ #6: ara, æ ‡é¢˜: Arabic (Saudi Arabia)
2025-04-17 15:58:52,577 - subtranslate.core.subtitle_extractor - INFO - å‘ç°å­—å¹•è½¨é“: è½¨é“ #7: ita, æ ‡é¢˜: Italian
2025-04-17 15:58:52,577 - subtranslate.core.subtitle_extractor - INFO - å‘ç°å­—å¹•è½¨é“: è½¨é“ #8: rus, æ ‡é¢˜: Russian
2025-04-17 15:59:44,320 - api_server - INFO - ç³»ç»Ÿé»˜è®¤ç¼–ç : utf-8
2025-04-17 15:59:44,320 - api_server - INFO - æ–‡ä»¶ç³»ç»Ÿç¼–ç : utf-8
2025-04-17 15:59:44,320 - api_server - INFO - åŒºåŸŸè®¾ç½®: cp936
2025-04-17 15:59:44,320 - api_server - INFO - å¯åŠ¨APIæœåŠ¡å™¨: host=0.0.0.0, port=8000, reload=False, workers=4
2025-04-17 15:59:46,592 - subtranslate.api - INFO - SubTranslate APIæœåŠ¡å¯åŠ¨
2025-04-17 15:59:46,603 - subtranslate.api - INFO - SubTranslate APIæœåŠ¡å¯åŠ¨
2025-04-17 15:59:46,634 - subtranslate.api - INFO - SubTranslate APIæœåŠ¡å¯åŠ¨
2025-04-17 15:59:46,636 - subtranslate.api - INFO - SubTranslate APIæœåŠ¡å¯åŠ¨
2025-04-17 15:59:49,469 - subtranslate.api.videos - INFO - æ¥æ”¶åˆ°æœ¬åœ°è§†é¢‘åŠ è½½è¯·æ±‚åŸå§‹æ•°æ®: {'file_path': 'E:\\ai_study\\ai_project\\video\\[Dynamis One] Zenshuu. - 11 (CR 1920x1080 AVC AAC MKV) [6ABB3C56].mkv', 'auto_extract_subtitles': True}
2025-04-17 15:59:49,469 - subtranslate.api.videos - INFO - å¤„ç†åçš„è§†é¢‘åŠ è½½è¯·æ±‚: file_path='E:\\ai_study\\ai_project\\video\\[Dynamis One] Zenshuu. - 11 (CR 1920x1080 AVC AAC MKV) [6ABB3C56].mkv' auto_extract_subtitles=True
2025-04-17 15:59:50,231 - subtranslate.core.subtitle_extractor - INFO - è§†é¢‘åˆ†æå®Œæˆ: [Dynamis One] Zenshuu. - 11 (CR 1920x1080 AVC AAC MKV) [6ABB3C56].mkv, æ ¼å¼: mkv, æ—¶é•¿: 1436.46, åŒ…å«å­—å¹•: True
2025-04-17 15:59:50,338 - subtranslate.core.subtitle_extractor - INFO - å‘ç°å­—å¹•è½¨é“: è½¨é“ #0: eng, æ ‡é¢˜: English, é»˜è®¤
2025-04-17 15:59:50,338 - subtranslate.core.subtitle_extractor - INFO - å‘ç°å­—å¹•è½¨é“: è½¨é“ #1: spa, æ ‡é¢˜: Latin American Spanish
2025-04-17 15:59:50,339 - subtranslate.core.subtitle_extractor - INFO - å‘ç°å­—å¹•è½¨é“: è½¨é“ #2: spa, æ ‡é¢˜: European Spanish
2025-04-17 15:59:50,339 - subtranslate.core.subtitle_extractor - INFO - å‘ç°å­—å¹•è½¨é“: è½¨é“ #3: por, æ ‡é¢˜: Brazilian Portuguese
2025-04-17 15:59:50,339 - subtranslate.core.subtitle_extractor - INFO - å‘ç°å­—å¹•è½¨é“: è½¨é“ #4: fre, æ ‡é¢˜: French
2025-04-17 15:59:50,339 - subtranslate.core.subtitle_extractor - INFO - å‘ç°å­—å¹•è½¨é“: è½¨é“ #5: ger, æ ‡é¢˜: German
2025-04-17 15:59:50,339 - subtranslate.core.subtitle_extractor - INFO - å‘ç°å­—å¹•è½¨é“: è½¨é“ #6: ara, æ ‡é¢˜: Arabic (Saudi Arabia)
2025-04-17 15:59:50,339 - subtranslate.core.subtitle_extractor - INFO - å‘ç°å­—å¹•è½¨é“: è½¨é“ #7: ita, æ ‡é¢˜: Italian
2025-04-17 15:59:50,339 - subtranslate.core.subtitle_extractor - INFO - å‘ç°å­—å¹•è½¨é“: è½¨é“ #8: rus, æ ‡é¢˜: Russian
2025-04-17 15:59:52,627 - subtranslate.api.videos - INFO - æ¥æ”¶åˆ°æœ¬åœ°è§†é¢‘åŠ è½½è¯·æ±‚åŸå§‹æ•°æ®: {'file_path': 'E:\\ai_study\\ai_project\\video\\[ANi] BanG Dream! Ave Mujica - 03 [1080P][Baha][WEB-DL][AAC AVC][CHT].mp4', 'auto_extract_subtitles': True}
2025-04-17 15:59:52,627 - subtranslate.api.videos - INFO - å¤„ç†åçš„è§†é¢‘åŠ è½½è¯·æ±‚: file_path='E:\\ai_study\\ai_project\\video\\[ANi] BanG Dream! Ave Mujica - 03 [1080P][Baha][WEB-DL][AAC AVC][CHT].mp4' auto_extract_subtitles=True
2025-04-17 15:59:52,916 - subtranslate.core.subtitle_extractor - INFO - è§†é¢‘åˆ†æå®Œæˆ: [ANi] BanG Dream! Ave Mujica - 03 [1080P][Baha][WEB-DL][AAC AVC][CHT].mp4, æ ¼å¼: mp4, æ—¶é•¿: 1420.064622, åŒ…å«å­—å¹•: False
2025-04-17 16:00:13,332 - subtranslate.api.videos - INFO - æ¥æ”¶åˆ°æœ¬åœ°è§†é¢‘åŠ è½½è¯·æ±‚åŸå§‹æ•°æ®: {'file_path': 'E:\\ai_study\\ai_project\\video\\[Dynamis One] Zenshuu. - 11 (CR 1920x1080 AVC AAC MKV) [6ABB3C56].mkv', 'auto_extract_subtitles': True}
2025-04-17 16:00:13,332 - subtranslate.api.videos - INFO - å¤„ç†åçš„è§†é¢‘åŠ è½½è¯·æ±‚: file_path='E:\\ai_study\\ai_project\\video\\[Dynamis One] Zenshuu. - 11 (CR 1920x1080 AVC AAC MKV) [6ABB3C56].mkv' auto_extract_subtitles=True
2025-04-17 16:00:14,121 - subtranslate.core.subtitle_extractor - INFO - è§†é¢‘åˆ†æå®Œæˆ: [Dynamis One] Zenshuu. - 11 (CR 1920x1080 AVC AAC MKV) [6ABB3C56].mkv, æ ¼å¼: mkv, æ—¶é•¿: 1436.46, åŒ…å«å­—å¹•: True
2025-04-17 16:00:14,228 - subtranslate.core.subtitle_extractor - INFO - å‘ç°å­—å¹•è½¨é“: è½¨é“ #0: eng, æ ‡é¢˜: English, é»˜è®¤
2025-04-17 16:00:14,228 - subtranslate.core.subtitle_extractor - INFO - å‘ç°å­—å¹•è½¨é“: è½¨é“ #1: spa, æ ‡é¢˜: Latin American Spanish
2025-04-17 16:00:14,228 - subtranslate.core.subtitle_extractor - INFO - å‘ç°å­—å¹•è½¨é“: è½¨é“ #2: spa, æ ‡é¢˜: European Spanish
2025-04-17 16:00:14,228 - subtranslate.core.subtitle_extractor - INFO - å‘ç°å­—å¹•è½¨é“: è½¨é“ #3: por, æ ‡é¢˜: Brazilian Portuguese
2025-04-17 16:00:14,228 - subtranslate.core.subtitle_extractor - INFO - å‘ç°å­—å¹•è½¨é“: è½¨é“ #4: fre, æ ‡é¢˜: French
2025-04-17 16:00:14,228 - subtranslate.core.subtitle_extractor - INFO - å‘ç°å­—å¹•è½¨é“: è½¨é“ #5: ger, æ ‡é¢˜: German
2025-04-17 16:00:14,228 - subtranslate.core.subtitle_extractor - INFO - å‘ç°å­—å¹•è½¨é“: è½¨é“ #6: ara, æ ‡é¢˜: Arabic (Saudi Arabia)
2025-04-17 16:00:14,228 - subtranslate.core.subtitle_extractor - INFO - å‘ç°å­—å¹•è½¨é“: è½¨é“ #7: ita, æ ‡é¢˜: Italian
2025-04-17 16:00:14,228 - subtranslate.core.subtitle_extractor - INFO - å‘ç°å­—å¹•è½¨é“: è½¨é“ #8: rus, æ ‡é¢˜: Russian
2025-04-18 10:09:18,546 - api_server - INFO - ç³»ç»Ÿé»˜è®¤ç¼–ç : utf-8
2025-04-18 10:09:18,546 - api_server - INFO - æ–‡ä»¶ç³»ç»Ÿç¼–ç : utf-8
2025-04-18 10:09:18,546 - api_server - INFO - åŒºåŸŸè®¾ç½®: cp936
2025-04-18 10:09:18,546 - api_server - INFO - å¯åŠ¨APIæœåŠ¡å™¨: host=0.0.0.0, port=8000, reload=False, workers=4
2025-04-18 10:09:21,562 - subtranslate.api - INFO - SubTranslate APIæœåŠ¡å¯åŠ¨
2025-04-18 10:09:21,572 - subtranslate.api - INFO - SubTranslate APIæœåŠ¡å¯åŠ¨
2025-04-18 10:09:21,572 - subtranslate.api - INFO - SubTranslate APIæœåŠ¡å¯åŠ¨
2025-04-18 10:09:50,867 - api_server - INFO - ç³»ç»Ÿé»˜è®¤ç¼–ç : utf-8
2025-04-18 10:09:50,867 - api_server - INFO - æ–‡ä»¶ç³»ç»Ÿç¼–ç : utf-8
2025-04-18 10:09:50,867 - api_server - INFO - åŒºåŸŸè®¾ç½®: cp936
2025-04-18 10:09:50,867 - api_server - INFO - å¯åŠ¨APIæœåŠ¡å™¨: host=0.0.0.0, port=8000, reload=False, workers=4
2025-04-18 10:09:52,961 - subtranslate.api - INFO - SubTranslate APIæœåŠ¡å¯åŠ¨
2025-04-18 10:09:52,992 - subtranslate.api - INFO - SubTranslate APIæœåŠ¡å¯åŠ¨
2025-04-18 10:09:53,034 - subtranslate.api - INFO - SubTranslate APIæœåŠ¡å¯åŠ¨
2025-04-18 10:09:53,036 - subtranslate.api - INFO - SubTranslate APIæœåŠ¡å¯åŠ¨
2025-04-18 10:47:17,578 - api_server - INFO - ç³»ç»Ÿé»˜è®¤ç¼–ç : utf-8
2025-04-18 10:47:17,578 - api_server - INFO - æ–‡ä»¶ç³»ç»Ÿç¼–ç : utf-8
2025-04-18 10:47:17,579 - api_server - INFO - åŒºåŸŸè®¾ç½®: cp936
2025-04-18 10:47:17,579 - api_server - INFO - å¯åŠ¨APIæœåŠ¡å™¨: host=0.0.0.0, port=8000, reload=False, workers=4
2025-04-18 10:47:19,954 - subtranslate.api - INFO - SubTranslate APIæœåŠ¡å¯åŠ¨
2025-04-18 10:47:19,958 - subtranslate.api - INFO - SubTranslate APIæœåŠ¡å¯åŠ¨
2025-04-18 10:47:20,003 - subtranslate.api - INFO - SubTranslate APIæœåŠ¡å¯åŠ¨
2025-04-18 10:47:20,003 - subtranslate.api - INFO - SubTranslate APIæœåŠ¡å¯åŠ¨
2025-04-18 10:47:50,302 - api_server - INFO - ç³»ç»Ÿé»˜è®¤ç¼–ç : utf-8
2025-04-18 10:47:50,302 - api_server - INFO - æ–‡ä»¶ç³»ç»Ÿç¼–ç : utf-8
2025-04-18 10:47:50,302 - api_server - INFO - åŒºåŸŸè®¾ç½®: cp936
2025-04-18 10:47:50,302 - api_server - INFO - å¯åŠ¨APIæœåŠ¡å™¨: host=0.0.0.0, port=8000, reload=False, workers=4
2025-04-18 10:47:52,462 - subtranslate.api - INFO - SubTranslate APIæœåŠ¡å¯åŠ¨
2025-04-18 10:47:52,465 - subtranslate.api - INFO - SubTranslate APIæœåŠ¡å¯åŠ¨
2025-04-18 10:47:52,495 - subtranslate.api - INFO - SubTranslate APIæœåŠ¡å¯åŠ¨
2025-04-18 10:47:52,501 - subtranslate.api - INFO - SubTranslate APIæœåŠ¡å¯åŠ¨
